glPolygonMode( 1032, 6914 );
glEnable( 2903 );
glColorMaterial( 1032, 5634 );
glDrawBuffer( 1026 );
glEnable( 3042 );
glBlendFunc( 770, 771 );
glColorMask( 1, 1, 1, 1 );
glEnable( 2929 );
glViewport( 0, 0, 800, 400 );
glScissor( 0, 0, 800, 400 );
glEnable( 3089 );
glClearColor( 1, 1, 1, 1 );
glClear( 16640 );
glPushMatrix( );
glMatrixMode( 5889 );
glLoadIdentity( );
gluOrtho2D( 0, 800, 0, 400 );
glMatrixMode( 5888 );
glLoadIdentity( );
glColor4f( 0, 0, 0, 1 );
glPopMatrix( );
glMatrixMode( 5889 );
glLoadIdentity( );
gluPerspective( 45, 2, 0.1, 40 );
glMatrixMode( 5888 );
glLoadIdentity( );
gluLookAt( 1, 1, 6, 1, 1, 1, 0, 1, 0 );
glEnable( 2896 );
glLightfv( 16384, 4611, ptr );
glLightf( 16384, 4614, 180 );
glLightfv( 16384, 4612, ptr );
glEnable( 16384 );
glEnable( 2896 );
glLightfv( 16384, 4611, ptr );
glLightf( 16384, 4614, 180 );
glLightfv( 16384, 4612, ptr );
glEnable( 16384 );
glGenLists( 1 );
glNewList( 0, 4864 );
	glShadeModel( 7425 );
	glDisable( 2896 );
	glEnable( 2848 );
	glEnable( 3042 );
	glPolygonMode( 1032, 6913 );
	glColor4f( 0, 0, 0, 1 );
	glLineWidth( 1 );
	glBegin( 8 );
		glVertex3d( 0, 0, 0 );
		glVertex3d( 0, 2, 0 );
		glVertex3d( 2, 0, 0 );
		glVertex3d( 2, 2, 0 );
		glVertex3d( 2, 0, 2 );
		glVertex3d( 2, 2, 2 );
		glVertex3d( 0, 0, 2 );
		glVertex3d( 0, 2, 2 );
		glVertex3d( 0, 0, 0 );
		glVertex3d( 0, 2, 0 );
	glEnd( );
	glPolygonMode( 1032, 6914 );
	glEnable( 2896 );
glEndList( );
glCallList( 0 );
glPixelStorei( 3333, 1 );
glReadPixels( 0, 0, 800, 400, 6407, 5121, ptr );
glDeleteLists( 0, 1 );
