glPolygonMode( 1032, 6914 );
glEnable( 2903 );
glColorMaterial( 1032, 5634 );
glDrawBuffer( 1026 );
glEnable( 3042 );
glBlendFunc( 770, 771 );
glColorMask( 1, 1, 1, 1 );
glEnable( 2929 );
glViewport( 0, 0, 800, 400 );
glScissor( 0, 0, 800, 400 );
glEnable( 3089 );
glClearColor( 1, 1, 1, 1 );
glClear( 16640 );
glPushMatrix( );
glMatrixMode( 5889 );
glLoadIdentity( );
gluOrtho2D( 0, 800, 0, 400 );
glMatrixMode( 5888 );
glLoadIdentity( );
glColor4f( 0, 0, 0, 1 );
glPopMatrix( );
glMatrixMode( 5889 );
glLoadIdentity( );
gluPerspective( 45, 2, 0.1, 40 );
glMatrixMode( 5888 );
glLoadIdentity( );
gluLookAt( 0, 0, 7, 0, 0, 0, 0, 1, 0 );
glEnable( 2896 );
glLightfv( 16384, 4611, ptr );
glLightf( 16384, 4614, 180 );
glLightfv( 16384, 4612, ptr );
glEnable( 16384 );
glEnable( 2896 );
glLightfv( 16384, 4611, ptr );
glLightf( 16384, 4614, 180 );
glLightfv( 16384, 4612, ptr );
glEnable( 16384 );
glGenLists( 1 );
glNewList( 0, 4864 );
	glDisable( 3042 );
	glPixelStorei( 3317, 1 );
	glTexImage2D( 3553, 0, 3, 512, 512, 0, 6407, 5121, ptr );
	glTexParameterf( 3553, 10242, 10496 );
	glTexParameterf( 3553, 10243, 10496 );
	glTexParameterf( 3553, 10240, 9728 );
	glTexParameterf( 3553, 10241, 9728 );
	glEnable( 3553 );
	glTexEnvf( 8960, 8704, 8449 );
	glShadeModel( 7424 );
	glBegin( 7 );
		glTexCoord2f( 0, 0 );
		glVertex3dv( (pointer argument - -2, -2, 1) );
		glTexCoord2f( 0, 1 );
		glVertex3dv( (pointer argument - -2, 2, 1) );
		glTexCoord2f( 1, 1 );
		glVertex3dv( (pointer argument - 2, 2, 1) );
		glTexCoord2f( 1, 0 );
		glVertex3dv( (pointer argument - 2, -2, 1) );
	glEnd( );
	glFlush( );
	glDisable( 3553 );
glEndList( );
glCallList( 0 );
glPixelStorei( 3333, 1 );
glReadPixels( 0, 0, 800, 400, 6407, 5121, ptr );
glDeleteLists( 0, 1 );
