StGermain Framework revision 3913. Copyright (C) 2003-2005 VPAC.
   Running test 'construct'... passed
   Running test 'generate'... passed
   Running test 'incidence'... passed
