   Running test 'set empty'... passed
   Running test 'set locals'... passed
