StGermain Framework revision 3913. Copyright (C) 2003-2005 VPAC.
   Running test 'generate 1D mesh'... passed
   Running test 'generate shadowed 1D mesh'... passed
