#       Timestep            Time          Volume       CentroidX       CentroidY       CentroidZ
               1               0          0.0698        0.499859        0.462836               0
               2         8.93795          0.0694         0.49841        0.429483               0
