Timestep 0: Total integrated value of 'PressureField-ErrorMagnitudeField' is outside a tolerance 1.5e-06.
Timestep 1: Total integrated value of 'PressureField-ErrorMagnitudeField' is within a tolerance 1.5e-06.
