Testing DiscreteVoronoiRemove
Test passed with max discrepancy = 0.16
