Testing ReseedSplitting
Test passed with max discrepancy = 0.11
