StGermain Framework revision 4089. Copyright (C) 2003-2005 VPAC.
Watching rank: 0
Cartesian generator: ''
	Target mesh: ''
	Global element size: 2x3x2
	Local offset of rank 0: 0x0x0
	Local range of rank 0: 2x3x2
	Generating vertices...
		... done.
	Generating elements...
		... done.
	Generating element-vertex incidence...
		... done.
	Generating vertex neighbours...
		... done.
	Generating geometry...
		... done.
	Generating element types...
		... element types are 'Mesh_HexType',
		... mesh algorithm type is 'Mesh_RegularAlgorithms',
		... done.
GaussParticleLayout (ptr): 0x80a13d8:
PerCellParticleLayout (ptr): 0x80a13d8
ParticleLayout (ptr): 0x80a13d8
Stg_Class (ptr): 0x80a13d8
	sizeOfSelf: 144
	_deleteSelf: Yes
	type: GaussParticleLayout
	_delete (func ptr): 0x4002c2a9
	_print (func ptr): 0x4002c2d2
	_copy (func ptr): 0x4002c3ff
	_setInitialCounts (func ptr): 0x40035965
	_initialiseParticles (func ptr): 0x40035b1a
	coordSystem: LocalCoordSystem
	weightsInitialisedAtStartup : True
	_initialCount (func ptr): 0x4002c66e
	_initialiseParticlesOfCell (func ptr): 0x4002c6bd
	self->dim = 3
	self->particlesPerDim = { 2, 2, 2 }
count = 8 
pId=0 : coords = { 31.698730, 8.845299, 31.698730 }, xi = { -0.577350, -0.577350, -0.577350 }
pId=1 : coords = { 118.301270, 8.845299, 31.698730 }, xi = { 0.577350, -0.577350, -0.577350 }
pId=2 : coords = { 31.698730, 11.154701, 31.698730 }, xi = { -0.577350, 0.577350, -0.577350 }
pId=3 : coords = { 118.301270, 11.154701, 31.698730 }, xi = { 0.577350, 0.577350, -0.577350 }
pId=4 : coords = { 31.698730, 8.845299, 118.301270 }, xi = { -0.577350, -0.577350, 0.577350 }
pId=5 : coords = { 118.301270, 8.845299, 118.301270 }, xi = { 0.577350, -0.577350, 0.577350 }
pId=6 : coords = { 31.698730, 11.154701, 118.301270 }, xi = { -0.577350, 0.577350, 0.577350 }
pId=7 : coords = { 118.301270, 11.154701, 118.301270 }, xi = { 0.577350, 0.577350, 0.577350 }
