Constitutive Matrix after initialisation.
constitutiveMatrix = (ptr)0x8075870
	StiffnessMatrixTerm (ptr): 0x8075870
	Stg_Component (ptr): 0x8075870
	Stg_Object (ptr): 0x8075870
		Stg_Class (ptr): 0x8075870
			sizeOfSelf: 176
			_deleteSelf: Yes
			type: ConstitutiveMatrixCartesian
			_delete (func ptr): 0x400287be
			_print (func ptr): 0x400287ea
			_copy (func ptr): (nil)
		name: constitutiveMatrix
		nameAllocationType: NON_GLOBAL
		_defaultConstructor (func ptr): 0x40028819
		_construct (func ptr): 0x400288b8
		_build (func ptr): 0x400288f5
		_initialise (func ptr): 0x40028924
		_execute (func ptr): 0x40028953
		_destroy (func ptr): 0x4002897c
		isConstructed: True
		isBuilt: True
		isInitialised: True
		hasExecuted: False
		isDestroyed: False
		constructor function name: constitutiveMatrix-Construct
		build function name: constitutiveMatrix-Build
		initialise function name: constitutiveMatrix-Initialise
		execute function name: constitutiveMatrix-Execute
		destroy function name: constitutiveMatrix-Destroy
		integrationSwarm (ptr): 0x8085468
		extraInfo (ptr): (nil)
	self->_setValue = (ptr)0x40029207
	self->_getViscosity = (ptr)0x40029769
	self->_isotropicCorrection = (ptr)0x4002982f
	self->_setSecondViscosity = (ptr)0x400299e8
	self->_assemble_D_B = (ptr)0x4002a557
	self->_calculateStress = (ptr)0x4002ae66
	self->debug = (ptr)0x8095420
	matrixData[ 0 ][ 0 ] = 0; 	matrixData[ 0 ][ 1 ] = 0; 	matrixData[ 0 ][ 2 ] = 0; 	
	matrixData[ 1 ][ 0 ] = 0; 	matrixData[ 1 ][ 1 ] = 0; 	matrixData[ 1 ][ 2 ] = 0; 	
	matrixData[ 2 ][ 0 ] = 0; 	matrixData[ 2 ][ 1 ] = 0; 	matrixData[ 2 ][ 2 ] = 0; 	
	self->isDiagonal = True
	self->dim = 2
	self->columnSize = 3
	self->rowSize = 3
	self->previousSolutionExists = False
Constitutive Matrix after func 'SetMatrixWithThrees'.
matrixData[ 0 ][ 0 ] = 3; 	matrixData[ 0 ][ 1 ] = 3; 	matrixData[ 0 ][ 2 ] = 3; 	
matrixData[ 1 ][ 0 ] = 3; 	matrixData[ 1 ][ 1 ] = 3; 	matrixData[ 1 ][ 2 ] = 3; 	
matrixData[ 2 ][ 0 ] = 3; 	matrixData[ 2 ][ 1 ] = 3; 	matrixData[ 2 ][ 2 ] = 3; 	
constitutiveMatrix->isDiagonal = False
strainRate - 
      1           3     
      3           2     
stress - 
     27          27     
     27          27     
Constitutive Matrix after func 'SetMatrixWithViscosity7'.
matrixData[ 0 ][ 0 ] = 14; 	matrixData[ 0 ][ 1 ] = 0; 	matrixData[ 0 ][ 2 ] = 0; 	
matrixData[ 1 ][ 0 ] = 0; 	matrixData[ 1 ][ 1 ] = 14; 	matrixData[ 1 ][ 2 ] = 0; 	
matrixData[ 2 ][ 0 ] = 0; 	matrixData[ 2 ][ 1 ] = 0; 	matrixData[ 2 ][ 2 ] = 7; 	
constitutiveMatrix->isDiagonal = True
Viscosity =    7
strainRate - 
      1           3     
      3           2     
stress - 
     14          42     
     42          28     
stress - 
     14          42     
     42          28     
Constitutive Matrix after func 'SetMatrixWithSecondViscosity2'.
matrixData[ 0 ][ 0 ] = 12.72; 	matrixData[ 0 ][ 1 ] = 1.28; 	matrixData[ 0 ][ 2 ] = -0.96; 	
matrixData[ 1 ][ 0 ] = 1.28; 	matrixData[ 1 ][ 1 ] = 12.72; 	matrixData[ 1 ][ 2 ] = 0.96; 	
matrixData[ 2 ][ 0 ] = -0.96; 	matrixData[ 2 ][ 1 ] = 0.96; 	matrixData[ 2 ][ 2 ] = 6.28; 	
constitutiveMatrix->isDiagonal = False
strainRate - 
      1           3     
      3           2     
stress - 
   9.52       38.64     
  38.64       32.48     
