Material yielded at time 0.741742 (step 14) within:
	x:       0.3877 -        2.612
	y:       0.0281 -        1.301
