StGermain Framework revision 3605. Copyright (C) 2003-2005 VPAC.
StGermain Discretisation Library revision 3605. Copyright (C) 2003-2005 VPAC.
StGermain FEM Discretisation Framework revision 566. Copyright (C) 2003-2005 VPAC.
Watching rank: 0
WallVC (ptr): 0x806b970
	dictionary (ptr): 0x8060708
	_dictionaryEntryName (ptr): 0x804b039
		_dictionaryEntryName: boundaryCondition
	_wall: Left
	_entryCount: 1
	_entryTbl (ptr): 0x806cb80
		_entryTbl[0]:
			varName (ptr): 0x8060588
				varName: vx
			value:
				type: VC_ValueType_Double
				asDouble: -1
	_mesh (ptr): 0x8069288
VariableCondition (ptr): 0x806b970
Stg_Component (ptr): 0x806b970
Stg_Object (ptr): 0x806b970
	Stg_Class (ptr): 0x806b970
		sizeOfSelf: 192
		_deleteSelf: Yes
		type: WallVC
		_delete (func ptr): 0xb7e26f77
		_print (func ptr): 0xb7e26fbd
		_copy (func ptr): 0xb7e2756e
	name: WallVC
	nameAllocationType: NON_GLOBAL
	_defaultConstructor (func ptr): 0xb7e26248
	_construct (func ptr): 0xb7e27783
	_build (func ptr): 0xb7e27741
	_initialise (func ptr): 0xb7ed0de2
	_execute (func ptr): 0xb7ed0ea6
	_destroy (func ptr): 0xb7ed0ed6
	isConstructed: True
	isBuilt: True
	isInitialised: False
	hasExecuted: False
	isDestroyed: False
	constructor function name: WallVC-Construct
	build function name: WallVC-Build
	initialise function name: WallVC-Initialise
	execute function name: WallVC-Execute
	destroy function name: WallVC-Destroy
	_getSet (func ptr): 0xb7e277d2
	_getVariableCount (func ptr): 0xb7e27b68
	_getVariableIndex (func ptr): 0xb7e27b7f
	_getValueIndex (func ptr): 0xb7e27c5a
	_getValueCount (func ptr): 0xb7e27c62
	_getValue (func ptr): 0xb7e27c79
	variable_Register (ptr): 0x80630a0
	conFunc_Register (ptr): (nil)
	_set (ptr): 0x806cd50
	indexCount: 7
	indexTbl (ptr): 0x806cd90
		indexTbl[0]: 0
		indexTbl[1]: 4
		indexTbl[2]: 8
		indexTbl[3]: 12
		indexTbl[4]: 16
		indexTbl[5]: 20
		indexTbl[6]: 24
	vcVarCountTbl (ptr): 0x806cdb8
		vcVarCountTbl[0]: 1
		vcVarCountTbl[1]: 1
		vcVarCountTbl[2]: 1
		vcVarCountTbl[3]: 1
		vcVarCountTbl[4]: 1
		vcVarCountTbl[5]: 1
		vcVarCountTbl[6]: 1
	vcTbl (ptr): 0x806cde0
		vcTbl[0][0]:
			varIndex: 1
			valIndex: 0
		vcTbl[1][0]:
			varIndex: 1
			valIndex: 0
		vcTbl[2][0]:
			varIndex: 1
			valIndex: 0
		vcTbl[3][0]:
			varIndex: 1
			valIndex: 0
		vcTbl[4][0]:
			varIndex: 1
			valIndex: 0
		vcTbl[5][0]:
			varIndex: 1
			valIndex: 0
		vcTbl[6][0]:
			varIndex: 1
			valIndex: 0
	valueCount: 1
	valueTbl (ptr): 0x806ce40
		valueTbl[0]:
			type: VC_ValueType_Double
			asDouble: -1
0: *** Printing destination array ***
	destinationArray[(gnode) 0][(dof)0-2]: -1,   0, 
	destinationArray[(gnode) 1][(dof)0-2]:  7,   8, 
	destinationArray[(gnode) 2][(dof)0-2]: 21,  22, 
	destinationArray[(gnode) 3][(dof)0-2]: 35,  36, 
	destinationArray[(gnode) 4][(dof)0-2]: 49,  50, 
	destinationArray[(gnode) 5]: on another proc
	destinationArray[(gnode) 6]: on another proc
	destinationArray[(gnode) 7][(dof)0-2]: -1,   1, 
	destinationArray[(gnode) 8][(dof)0-2]:  9,  10, 
	destinationArray[(gnode) 9][(dof)0-2]: 23,  24, 
	destinationArray[(gnode)10][(dof)0-2]: 37,  38, 
	destinationArray[(gnode)11][(dof)0-2]: 51,  52, 
	destinationArray[(gnode)12]: on another proc
	destinationArray[(gnode)13]: on another proc
	destinationArray[(gnode)14][(dof)0-2]: -1,   2, 
	destinationArray[(gnode)15][(dof)0-2]: 11,  12, 
	destinationArray[(gnode)16][(dof)0-2]: 25,  26, 
	destinationArray[(gnode)17][(dof)0-2]: 39,  40, 
	destinationArray[(gnode)18][(dof)0-2]: 53,  54, 
	destinationArray[(gnode)19]: on another proc
	destinationArray[(gnode)20]: on another proc
	destinationArray[(gnode)21][(dof)0-2]: -1,   3, 
	destinationArray[(gnode)22][(dof)0-2]: 13,  14, 
	destinationArray[(gnode)23][(dof)0-2]: 27,  28, 
	destinationArray[(gnode)24][(dof)0-2]: 41,  42, 
	destinationArray[(gnode)25][(dof)0-2]: 55,  56, 
	destinationArray[(gnode)26]: on another proc
	destinationArray[(gnode)27]: on another proc
	destinationArray[(gnode)28][(dof)0-2]: -1,   4, 
	destinationArray[(gnode)29][(dof)0-2]: 15,  16, 
	destinationArray[(gnode)30][(dof)0-2]: 29,  30, 
	destinationArray[(gnode)31][(dof)0-2]: 43,  44, 
	destinationArray[(gnode)32][(dof)0-2]: 57,  58, 
	destinationArray[(gnode)33]: on another proc
	destinationArray[(gnode)34]: on another proc
	destinationArray[(gnode)35][(dof)0-2]: -1,   5, 
	destinationArray[(gnode)36][(dof)0-2]: 17,  18, 
	destinationArray[(gnode)37][(dof)0-2]: 31,  32, 
	destinationArray[(gnode)38][(dof)0-2]: 45,  46, 
	destinationArray[(gnode)39][(dof)0-2]: 59,  60, 
	destinationArray[(gnode)40]: on another proc
	destinationArray[(gnode)41]: on another proc
	destinationArray[(gnode)42][(dof)0-2]: -1,   6, 
	destinationArray[(gnode)43][(dof)0-2]: 19,  20, 
	destinationArray[(gnode)44][(dof)0-2]: 33,  34, 
	destinationArray[(gnode)45][(dof)0-2]: 47,  48, 
	destinationArray[(gnode)46][(dof)0-2]: 61,  62, 
	destinationArray[(gnode)47]: on another proc
	destinationArray[(gnode)48]: on another proc
0: *** Printing location matrix ***
	LM[(g/l el) 0/ 0][(enodes)0-4]({ 0} -1,  0,), ({ 1}  7,  8,), ({ 5}  9, 10,), ({ 4} -1,  1,), 
	LM[(g/l el) 1/ 1][(enodes)0-4]({ 1}  7,  8,), ({ 2} 21, 22,), ({ 6} 23, 24,), ({ 5}  9, 10,), 
	LM[(g/l el) 2/ 2][(enodes)0-4]({ 2} 21, 22,), ({ 3} 35, 36,), ({ 7} 37, 38,), ({ 6} 23, 24,), 
	LM[(g/l el) 3/XXX]: on another proc
	LM[(g/l el) 4/XXX]: on another proc
	LM[(g/l el) 5/XXX]: on another proc
	LM[(g/l el) 6/ 3][(enodes)0-4]({ 4} -1,  1,), ({ 5}  9, 10,), ({ 9} 11, 12,), ({ 8} -1,  2,), 
	LM[(g/l el) 7/ 4][(enodes)0-4]({ 5}  9, 10,), ({ 6} 23, 24,), ({10} 25, 26,), ({ 9} 11, 12,), 
	LM[(g/l el) 8/ 5][(enodes)0-4]({ 6} 23, 24,), ({ 7} 37, 38,), ({11} 39, 40,), ({10} 25, 26,), 
	LM[(g/l el) 9/XXX]: on another proc
	LM[(g/l el)10/XXX]: on another proc
	LM[(g/l el)11/XXX]: on another proc
	LM[(g/l el)12/ 6][(enodes)0-4]({ 8} -1,  2,), ({ 9} 11, 12,), ({13} 13, 14,), ({12} -1,  3,), 
	LM[(g/l el)13/ 7][(enodes)0-4]({ 9} 11, 12,), ({10} 25, 26,), ({14} 27, 28,), ({13} 13, 14,), 
	LM[(g/l el)14/ 8][(enodes)0-4]({10} 25, 26,), ({11} 39, 40,), ({15} 41, 42,), ({14} 27, 28,), 
	LM[(g/l el)15/XXX]: on another proc
	LM[(g/l el)16/XXX]: on another proc
	LM[(g/l el)17/XXX]: on another proc
	LM[(g/l el)18/ 9][(enodes)0-4]({12} -1,  3,), ({13} 13, 14,), ({17} 15, 16,), ({16} -1,  4,), 
	LM[(g/l el)19/10][(enodes)0-4]({13} 13, 14,), ({14} 27, 28,), ({18} 29, 30,), ({17} 15, 16,), 
	LM[(g/l el)20/11][(enodes)0-4]({14} 27, 28,), ({15} 41, 42,), ({19} 43, 44,), ({18} 29, 30,), 
	LM[(g/l el)21/XXX]: on another proc
	LM[(g/l el)22/XXX]: on another proc
	LM[(g/l el)23/XXX]: on another proc
	LM[(g/l el)24/12][(enodes)0-4]({16} -1,  4,), ({17} 15, 16,), ({21} 17, 18,), ({20} -1,  5,), 
	LM[(g/l el)25/13][(enodes)0-4]({17} 15, 16,), ({18} 29, 30,), ({22} 31, 32,), ({21} 17, 18,), 
	LM[(g/l el)26/14][(enodes)0-4]({18} 29, 30,), ({19} 43, 44,), ({23} 45, 46,), ({22} 31, 32,), 
	LM[(g/l el)27/XXX]: on another proc
	LM[(g/l el)28/XXX]: on another proc
	LM[(g/l el)29/XXX]: on another proc
	LM[(g/l el)30/15][(enodes)0-4]({20} -1,  5,), ({21} 17, 18,), ({25} 19, 20,), ({24} -1,  6,), 
	LM[(g/l el)31/16][(enodes)0-4]({21} 17, 18,), ({22} 31, 32,), ({26} 33, 34,), ({25} 19, 20,), 
	LM[(g/l el)32/17][(enodes)0-4]({22} 31, 32,), ({23} 45, 46,), ({27} 47, 48,), ({26} 33, 34,), 
	LM[(g/l el)33/XXX]: on another proc
	LM[(g/l el)34/XXX]: on another proc
	LM[(g/l el)35/XXX]: on another proc
In FeVariable_PrintLocalDiscreteValues: for FeVariable "velocity":
node 0 (global index 0):
	dof 0 "vx":      1 - (from BC)
	dof 1 "vy":      1 - (eq num 0)
node 1 (global index 1):
	dof 0 "vx":      1 - (eq num 7)
	dof 1 "vy":      1 - (eq num 8)
node 2 (global index 2):
	dof 0 "vx":      1 - (eq num 21)
	dof 1 "vy":      1 - (eq num 22)
node 3 (global index 3):
	dof 0 "vx":      1 - (eq num 35)
	dof 1 "vy":      1 - (eq num 36)
node 4 (global index 7):
	dof 0 "vx": 0.858779 - (from BC)
	dof 1 "vy": 0.858779 - (eq num 1)
node 5 (global index 8):
	dof 0 "vx": 0.847553 - (eq num 9)
	dof 1 "vy": 0.847553 - (eq num 10)
node 6 (global index 9):
	dof 0 "vx": 0.818164 - (eq num 23)
	dof 1 "vy": 0.818164 - (eq num 24)
node 7 (global index 10):
	dof 0 "vx": 0.781836 - (eq num 37)
	dof 1 "vy": 0.781836 - (eq num 38)
node 8 (global index 14):
	dof 0 "vx": 0.695106 - (from BC)
	dof 1 "vy": 0.695106 - (eq num 2)
node 9 (global index 15):
	dof 0 "vx": 0.676942 - (eq num 11)
	dof 1 "vy": 0.676942 - (eq num 12)
node 10 (global index 16):
	dof 0 "vx": 0.629389 - (eq num 25)
	dof 1 "vy": 0.629389 - (eq num 26)
node 11 (global index 17):
	dof 0 "vx": 0.570611 - (eq num 39)
	dof 1 "vy": 0.570611 - (eq num 40)
node 12 (global index 21):
	dof 0 "vx": 0.495106 - (from BC)
	dof 1 "vy": 0.495106 - (eq num 3)
node 13 (global index 22):
	dof 0 "vx": 0.476942 - (eq num 13)
	dof 1 "vy": 0.476942 - (eq num 14)
node 14 (global index 23):
	dof 0 "vx": 0.429389 - (eq num 27)
	dof 1 "vy": 0.429389 - (eq num 28)
node 15 (global index 24):
	dof 0 "vx": 0.370611 - (eq num 41)
	dof 1 "vy": 0.370611 - (eq num 42)
node 16 (global index 28):
	dof 0 "vx": 0.258778 - (from BC)
	dof 1 "vy": 0.258778 - (eq num 4)
node 17 (global index 29):
	dof 0 "vx": 0.247553 - (eq num 15)
	dof 1 "vy": 0.247553 - (eq num 16)
node 18 (global index 30):
	dof 0 "vx": 0.218164 - (eq num 29)
	dof 1 "vy": 0.218164 - (eq num 30)
node 19 (global index 31):
	dof 0 "vx": 0.181836 - (eq num 43)
	dof 1 "vy": 0.181836 - (eq num 44)
node 20 (global index 35):
	dof 0 "vx": -5.222e-08 - (from BC)
	dof 1 "vy": -5.222e-08 - (eq num 5)
node 21 (global index 36):
	dof 0 "vx": -4.98358e-08 - (eq num 17)
	dof 1 "vy": -4.98358e-08 - (eq num 18)
node 22 (global index 37):
	dof 0 "vx": -4.35941e-08 - (eq num 31)
	dof 1 "vy": -4.35941e-08 - (eq num 32)
node 23 (global index 38):
	dof 0 "vx": -3.58788e-08 - (eq num 45)
	dof 1 "vy": -3.58788e-08 - (eq num 46)
node 24 (global index 42):
	dof 0 "vx": -0.258779 - (from BC)
	dof 1 "vy": -0.258779 - (eq num 6)
node 25 (global index 43):
	dof 0 "vx": -0.247553 - (eq num 19)
	dof 1 "vy": -0.247553 - (eq num 20)
node 26 (global index 44):
	dof 0 "vx": -0.218164 - (eq num 33)
	dof 1 "vy": -0.218164 - (eq num 34)
node 27 (global index 45):
	dof 0 "vx": -0.181836 - (eq num 47)
	dof 1 "vy": -0.181836 - (eq num 48)

display of Values in 2D box X:{ 0.00- 1.20}, Y:{ 0.00- 1.20}
	with 6 elements in X (dx= 0.20) and 6 elements in Y (dy= 0.20)

          |  xNode=  0   |  xNode=  1   |  xNode=  2   |  xNode=  3   |  xNode=  4   |  xNode=  5   |  xNode=  6   |
          ----------------------------------------------------------------------------------------------------------
yNode=  6 |(-0.26,-0.26 )|(-0.25,-0.25 )|(-0.22,-0.22 )|(-0.18,-0.18 )|XXXXXXXXXXXXXX|XXXXXXXXXXXXXX|XXXXXXXXXXXXXX|
          |--------------*--------------*--------------*--------------*--------------*--------------*--------------|
yNode=  5 |(-0.00,-0.00 )|(-0.00,-0.00 )|(-0.00,-0.00 )|(-0.00,-0.00 )|XXXXXXXXXXXXXX|XXXXXXXXXXXXXX|XXXXXXXXXXXXXX|
          |--------------*--------------*--------------*--------------*--------------*--------------*--------------|
yNode=  4 |( 0.26, 0.26 )|( 0.25, 0.25 )|( 0.22, 0.22 )|( 0.18, 0.18 )|XXXXXXXXXXXXXX|XXXXXXXXXXXXXX|XXXXXXXXXXXXXX|
          |--------------*--------------*--------------*--------------*--------------*--------------*--------------|
yNode=  3 |( 0.50, 0.50 )|( 0.48, 0.48 )|( 0.43, 0.43 )|( 0.37, 0.37 )|XXXXXXXXXXXXXX|XXXXXXXXXXXXXX|XXXXXXXXXXXXXX|
          |--------------*--------------*--------------*--------------*--------------*--------------*--------------|
yNode=  2 |( 0.70, 0.70 )|( 0.68, 0.68 )|( 0.63, 0.63 )|( 0.57, 0.57 )|XXXXXXXXXXXXXX|XXXXXXXXXXXXXX|XXXXXXXXXXXXXX|
          |--------------*--------------*--------------*--------------*--------------*--------------*--------------|
yNode=  1 |( 0.86, 0.86 )|( 0.85, 0.85 )|( 0.82, 0.82 )|( 0.78, 0.78 )|XXXXXXXXXXXXXX|XXXXXXXXXXXXXX|XXXXXXXXXXXXXX|
          |--------------*--------------*--------------*--------------*--------------*--------------*--------------|
yNode=  0 |( 1.00, 1.00 )|( 1.00, 1.00 )|( 1.00, 1.00 )|( 1.00, 1.00 )|XXXXXXXXXXXXXX|XXXXXXXXXXXXXX|XXXXXXXXXXXXXX|
          ----------------------------------------------------------------------------------------------------------



Testing the min and max functions
	Min global magnitude = 0.000000
	Max global magnitude = 1.414214


Testing the local boundary functions
	MinLocalXCoord = 0.000000
	MinLocalYCoord = 0.000000
	MinLocalZCoord = 0.000000
	MaxLocalXCoord = 0.600000
	MaxLocalYCoord = 1.200000
	MaxLocalZCoord = 0.000000
Testing the global boundary functions
	MinGlobalXCoord = 0.000000
	MinGlobalYCoord = 0.000000
	MinGlobalZCoord = 0.000000
	MaxGlobalXCoord = 1.200000
	MaxGlobalYCoord = 1.200000
	MaxGlobalZCoord = 0.000000


Testing Interpolation at some coords:
	velocity interpolated at ( 0.00, 0.00) = ( 1.00, 1.00)
	velocity derivative interpolated at ( 0.00, 0.00): 
	derivative - 
	      0     -0.70611     
	      0     -0.70611     
	velocity interpolated at ( 0.10, 0.10) = ( 0.93, 0.93)
	velocity derivative interpolated at ( 0.10, 0.10): 
	derivative - 
	-0.028064     -0.73417     
	-0.028064     -0.73417     
	velocity interpolated at ( 0.20, 0.60) = ( 0.48, 0.48)
	velocity derivative interpolated at ( 0.20, 0.60): 
	derivative - 
	-0.090818          -1     
	-0.090818          -1     
	velocity interpolated at ( 0.55, 0.10) = ( 0.90, 0.90)
	velocity derivative interpolated at ( 0.55, 0.10): 
	derivative - 
	-0.090818     -1.0454     
	-0.090818     -1.0454     
	velocity interpolated at ( 0.65, 0.60) = ( 0.36, 0.36)
	velocity derivative interpolated at ( 0.65, 0.60): 
	derivative - 
	-0.23776          -1     
	-0.23776          -1     
	velocity interpolated at ( 1.10, 1.10) = not found on this proc.
	velocity derivative interpolated at ( 1.10, 1.10): 
	not found on this proc, or shadow syncing disabled.
	velocity interpolated at ( 1.20, 1.20) = not found on this proc.
	velocity derivative interpolated at ( 1.20, 1.20): 
	not found on this proc, or shadow syncing disabled.
Testing Derivatives at some coords with linear velocity solution:
	velocity derivative interpolated at ( 0.00, 0.00): 
	derivative - 
	    2.3         0.1     
	     -3           1     
	velocity derivative interpolated at ( 0.10, 0.10): 
	derivative - 
	    2.3         0.1     
	     -3           1     
	velocity derivative interpolated at ( 0.20, 0.60): 
	derivative - 
	    2.3         0.1     
	     -3           1     
	velocity derivative interpolated at ( 0.55, 0.10): 
	derivative - 
	    2.3         0.1     
	     -3           1     
	velocity derivative interpolated at ( 0.65, 0.60): 
	derivative - 
	    2.3         0.1     
	     -3           1     
	velocity derivative interpolated at ( 1.10, 1.10): 
	not found on this proc.
	velocity derivative interpolated at ( 1.20, 1.20): 
	not found on this proc.
Testing Set at some nodes:
	Before update: values at nodes 0 to 10:
	(0.000000,0.000000), (0.460000,-0.600000), (0.920000,-1.200000), (1.380000,-1.800000), (0.020000,0.200000), (0.480000,-0.400000), (0.940000,-1.000000), (1.400000,-1.600000), (0.040000,0.400000), (0.500000,-0.200000), 
	After update: values at nodes 0 to 10:
	(0.000000,0.000000), (100.000000,110.000000), (200.000000,220.000000), (300.000000,330.000000), (400.000000,440.000000), (500.000000,550.000000), (600.000000,660.000000), (700.000000,770.000000), (800.000000,880.000000), (900.000000,990.000000), 
