Testing memory allocation from the Memory Pool.. Passed

Stg_Class (ptr): 0x805cf30
	sizeOfSelf: 68
	_deleteSelf: Yes
	type: MemoryPool
	_delete (func ptr): 0x4003a462
	_print (func ptr): 0x4003a314
	_copy (func ptr): (nil)
MemoryPool (ptr): (0x805cf30)
	ElementSize		 - 32
	NumElememts		 - 200
	NumElememtsFree		 - 0
	NumMemChunks		 - 1
	Delta			 - 100
Testing out of memory.. Passed

Stg_Class (ptr): 0x805cf30
	sizeOfSelf: 68
	_deleteSelf: Yes
	type: MemoryPool
	_delete (func ptr): 0x4003a462
	_print (func ptr): 0x4003a314
	_copy (func ptr): (nil)
MemoryPool (ptr): (0x805cf30)
	ElementSize		 - 32
	NumElememts		 - 20200
	NumElememtsFree		 - 0
	NumMemChunks		 - 201
	Delta			 - 100
Testing memory deallocations.. Passed

Testing illegal memory deallocations.. Passed

Stg_Class (ptr): 0x805cf30
	sizeOfSelf: 68
	_deleteSelf: Yes
	type: MemoryPool
	_delete (func ptr): 0x4003a462
	_print (func ptr): 0x4003a314
	_copy (func ptr): (nil)
MemoryPool (ptr): (0x805cf30)
	ElementSize		 - 32
	NumElememts		 - 0
	NumElememtsFree		 - 0
	NumMemChunks		 - 0
	Delta			 - 100
