Mean is within tolerance, 0.001000 of 0.162000
Standard Deviation is within tolerance, 0.001000 of 0.063000
