glPolygonMode( 1032, 6914 );
glEnable( 2903 );
glColorMaterial( 1032, 5634 );
glDrawBuffer( 1026 );
glEnable( 3042 );
glBlendFunc( 770, 771 );
glColorMask( 1, 1, 1, 1 );
glEnable( 2929 );
glViewport( 0, 0, 800, 400 );
glScissor( 0, 0, 800, 400 );
glEnable( 3089 );
glClearColor( 1, 1, 1, 1 );
glClear( 16640 );
glMatrixMode( 5889 );
glLoadIdentity( );
gluPerspective( 45, 2, 0.1, 40 );
glMatrixMode( 5888 );
glLoadIdentity( );
gluLookAt( 0, 0, 3, 0, 0, 0, 0, 1, 0 );
glEnable( 2896 );
glLightfv( 16384, 4611, ptr );
glLightf( 16384, 4614, 180 );
glLightfv( 16384, 4612, ptr );
glEnable( 16384 );
glEnable( 2896 );
glLightfv( 16384, 4611, ptr );
glLightf( 16384, 4614, 180 );
glLightfv( 16384, 4612, ptr );
glEnable( 16384 );
glGenLists( 1 );
glNewList( 0, 4864 );
	glPointSize( 2 );
	glDisable( 2896 );
	glBegin( 0 );
		glColor4f( 0.5, 1, 0, 1 );
		glVertex3f( 0, 0, 0.001 );
		glColor4f( 1, 0.735294, 0, 1 );
		glVertex3f( 0.5, -0.5, 0.001 );
		glColor4f( 1, 0.404412, 0, 1 );
		glVertex3f( 0.75, -0.75, 0.001 );
		glColor4f( 1, 0.955882, 0, 1 );
		glVertex3f( 0.25, 0.75, 0.001 );
		glColor4f( 1, 0.606618, 0, 1 );
		glVertex3f( 0.625, 0.625, 0.001 );
		glColor4f( 0.8125, 1, 0, 1 );
		glVertex3f( 0.125, -0.875, 0.001 );
		glColor4f( 1, 0.845588, 0, 1 );
		glVertex3f( 0.375, -0.125, 0.001 );
		glColor4f( 1, 0.202206, 0, 1 );
		glVertex3f( 0.875, 0.375, 0.001 );
		glColor4f( 1, 0.101103, 0, 1 );
		glVertex3f( 0.9375, -0.3125, 0.001 );
		glColor4f( 1, 0.790441, 0, 1 );
		glVertex3f( 0.4375, 0.1875, 0.001 );
		glColor4f( 0.96875, 1, 0, 1 );
		glVertex3f( 0.1875, 0.9375, 0.001 );
		glColor4f( 1, 0.505515, 0, 1 );
		glVertex3f( 0.6875, -0.5625, 0.001 );
		glColor4f( 1, 0.900735, 0, 1 );
		glVertex3f( 0.3125, -0.9375, 0.001 );
		glColor4f( 1, 0.303309, 0, 1 );
		glVertex3f( 0.8125, 0.5625, 0.001 );
		glColor4f( 1, 0.680147, 0, 1 );
		glVertex3f( 0.5625, 0.3125, 0.001 );
		glColor4f( 0.65625, 1, 0, 1 );
		glVertex3f( 0.0625, -0.1875, 0.001 );
		glColor4f( 1, 0.707721, 0, 1 );
		glVertex3f( 0.53125, -0.78125, 0.001 );
		glColor4f( 0.578125, 1, 0, 1 );
		glVertex3f( 0.03125, 0.71875, 0.001 );
		glColor4f( 1, 0.928309, 0, 1 );
		glVertex3f( 0.28125, 0.46875, 0.001 );
		glColor4f( 1, 0.35386, 0, 1 );
		glVertex3f( 0.78125, -0.03125, 0.001 );
		glColor4f( 0.890625, 1, 0, 1 );
		glVertex3f( 0.15625, -0.40625, 0.001 );
		glColor4f( 1, 0.556066, 0, 1 );
		glVertex3f( 0.65625, 0.09375, 0.001 );
		glColor4f( 1, 0.151654, 0, 1 );
		glVertex3f( 0.90625, 0.84375, 0.001 );
		glColor4f( 1, 0.818015, 0, 1 );
		glVertex3f( 0.40625, -0.65625, 0.001 );
		glColor4f( 1, 0.762868, 0, 1 );
		glVertex3f( 0.46875, 0.53125, 0.001 );
		glColor4f( 1, 0.0505515, 0, 1 );
		glVertex3f( 0.96875, -0.96875, 0.001 );
		glColor4f( 1, 0.454963, 0, 1 );
		glVertex3f( 0.71875, -0.21875, 0.001 );
		glColor4f( 1, 0.983456, 0, 1 );
		glVertex3f( 0.21875, 0.28125, 0.001 );
		glColor4f( 1, 0.252757, 0, 1 );
		glVertex3f( 0.84375, 0.15625, 0.001 );
		glColor4f( 1, 0.873162, 0, 1 );
		glVertex3f( 0.34375, -0.34375, 0.001 );
		glColor4f( 0.734375, 1, 0, 1 );
		glVertex3f( 0.09375, -0.59375, 0.001 );
		glColor4f( 1, 0.652574, 0, 1 );
		glVertex3f( 0.59375, 0.90625, 0.001 );
		glColor4f( 1, 0.328585, 0, 1 );
		glVertex3f( 0.796875, 0.890625, 0.001 );
		glColor4f( 1, 0.914522, 0, 1 );
		glVertex3f( 0.296875, -0.609375, 0.001 );
		glColor4f( 0.617188, 1, 0, 1 );
		glVertex3f( 0.046875, -0.359375, 0.001 );
		glColor4f( 1, 0.693934, 0, 1 );
		glVertex3f( 0.546875, 0.140625, 0.001 );
		glColor4f( 1, 0.804228, 0, 1 );
		glVertex3f( 0.421875, 0.265625, 0.001 );
		glColor4f( 1, 0.126379, 0, 1 );
		glVertex3f( 0.921875, -0.234375, 0.001 );
		glColor4f( 1, 0.53079, 0, 1 );
		glVertex3f( 0.671875, -0.984375, 0.001 );
		glColor4f( 0.929688, 1, 0, 1 );
		glVertex3f( 0.171875, 0.515625, 0.001 );
		glColor4f( 1, 0.969669, 0, 1 );
		glVertex3f( 0.234375, -0.671875, 0.001 );
		glColor4f( 1, 0.429688, 0, 1 );
		glVertex3f( 0.734375, 0.828125, 0.001 );
		glColor4f( 1, 0.0252757, 0, 1 );
		glVertex3f( 0.984375, 0.078125, 0.001 );
		glColor4f( 1, 0.749081, 0, 1 );
		glVertex3f( 0.484375, -0.421875, 0.001 );
		glColor4f( 1, 0.631893, 0, 1 );
		glVertex3f( 0.609375, -0.046875, 0.001 );
		glColor4f( 0.773438, 1, 0, 1 );
		glVertex3f( 0.109375, 0.453125, 0.001 );
		glColor4f( 1, 0.859375, 0, 1 );
		glVertex3f( 0.359375, 0.703125, 0.001 );
		glColor4f( 1, 0.227482, 0, 1 );
		glVertex3f( 0.859375, -0.796875, 0.001 );
		glColor4f( 1, 0.942096, 0, 1 );
		glVertex3f( 0.265625, -0.140625, 0.001 );
		glColor4f( 1, 0.379136, 0, 1 );
		glVertex3f( 0.765625, 0.359375, 0.001 );
		glColor4f( 1, 0.721507, 0, 1 );
		glVertex3f( 0.515625, 0.609375, 0.001 );
		glColor4f( 0.539062, 1, 0, 1 );
		glVertex3f( 0.015625, -0.890625, 0.001 );
		glColor4f( 1, 0.17693, 0, 1 );
		glVertex3f( 0.890625, -0.515625, 0.001 );
		glColor4f( 1, 0.831801, 0, 1 );
		glVertex3f( 0.390625, 0.984375, 0.001 );
		glColor4f( 0.851562, 1, 0, 1 );
		glVertex3f( 0.140625, 0.234375, 0.001 );
		glColor4f( 1, 0.581342, 0, 1 );
		glVertex3f( 0.640625, -0.265625, 0.001 );
		glColor4f( 1, 0.480239, 0, 1 );
		glVertex3f( 0.703125, 0.421875, 0.001 );
		glColor4f( 1, 0.997243, 0, 1 );
		glVertex3f( 0.203125, -0.078125, 0.001 );
		glColor4f( 1, 0.776654, 0, 1 );
		glVertex3f( 0.453125, -0.828125, 0.001 );
		glColor4f( 1, 0.0758272, 0, 1 );
		glVertex3f( 0.953125, 0.671875, 0.001 );
		glColor4f( 0.695312, 1, 0, 1 );
		glVertex3f( 0.078125, 0.796875, 0.001 );
		glColor4f( 1, 0.66636, 0, 1 );
		glVertex3f( 0.578125, -0.703125, 0.001 );
		glColor4f( 1, 0.278033, 0, 1 );
		glVertex3f( 0.828125, -0.453125, 0.001 );
		glColor4f( 1, 0.886949, 0, 1 );
		glVertex3f( 0.328125, 0.046875, 0.001 );
		glColor4f( 1, 0.543428, 0, 1 );
		glVertex3f( 0.664062, -0.429688, 0.001 );
		glColor4f( 0.910156, 1, 0, 1 );
		glVertex3f( 0.164062, 0.0703125, 0.001 );
		glColor4f( 1, 0.811121, 0, 1 );
		glVertex3f( 0.414062, 0.820312, 0.001 );
		glColor4f( 1, 0.139017, 0, 1 );
		glVertex3f( 0.914062, -0.679688, 0.001 );
		glColor4f( 0.597656, 1, 0, 1 );
		glVertex3f( 0.0390625, -0.804688, 0.001 );
		glColor4f( 1, 0.700827, 0, 1 );
		glVertex3f( 0.539062, 0.695312, 0.001 );
		glColor4f( 1, 0.341222, 0, 1 );
		glVertex3f( 0.789062, 0.445312, 0.001 );
		glColor4f( 1, 0.921415, 0, 1 );
		glVertex3f( 0.289062, -0.0546875, 0.001 );
		glColor4f( 1, 0.866268, 0, 1 );
		glVertex3f( 0.351562, 0.132812, 0.001 );
		glColor4f( 1, 0.240119, 0, 1 );
		glVertex3f( 0.851562, -0.367188, 0.001 );
		glColor4f( 1, 0.644531, 0, 1 );
		glVertex3f( 0.601562, -0.617188, 0.001 );
		glColor4f( 0.753906, 1, 0, 1 );
		glVertex3f( 0.101562, 0.882812, 0.001 );
		glColor4f( 1, 0.0379136, 0, 1 );
		glVertex3f( 0.976562, 0.507812, 0.001 );
		glColor4f( 1, 0.755974, 0, 1 );
		glVertex3f( 0.476562, -0.992188, 0.001 );
		glColor4f( 1, 0.976562, 0, 1 );
		glVertex3f( 0.226562, -0.242188, 0.001 );
		glColor4f( 1, 0.442325, 0, 1 );
		glVertex3f( 0.726562, 0.257812, 0.001 );
		glColor4f( 0.832031, 1, 0, 1 );
		glVertex3f( 0.132812, 0.664062, 0.001 );
		glColor4f( 1, 0.59398, 0, 1 );
		glVertex3f( 0.632812, -0.835938, 0.001 );
		glColor4f( 1, 0.189568, 0, 1 );
		glVertex3f( 0.882812, -0.0859375, 0.001 );
		glColor4f( 1, 0.838695, 0, 1 );
		glVertex3f( 0.382812, 0.414062, 0.001 );
		glColor4f( 1, 0.728401, 0, 1 );
		glVertex3f( 0.507812, 0.0390625, 0.001 );
		glColor4f( 0.519531, 1, 0, 1 );
		glVertex3f( 0.0078125, -0.460938, 0.001 );
		glColor4f( 1, 0.948989, 0, 1 );
		glVertex3f( 0.257812, -0.710938, 0.001 );
		glColor4f( 1, 0.391774, 0, 1 );
		glVertex3f( 0.757812, 0.789062, 0.001 );
		glColor4f( 1, 0.290671, 0, 1 );
		glVertex3f( 0.820312, -0.898438, 0.001 );
		glColor4f( 1, 0.893842, 0, 1 );
		glVertex3f( 0.320312, 0.601562, 0.001 );
		glColor4f( 0.675781, 1, 0, 1 );
		glVertex3f( 0.0703125, 0.351562, 0.001 );
		glColor4f( 1, 0.673254, 0, 1 );
		glVertex3f( 0.570312, -0.148438, 0.001 );
		glColor4f( 1, 0.783548, 0, 1 );
		glVertex3f( 0.445312, -0.273438, 0.001 );
		glColor4f( 1, 0.0884651, 0, 1 );
		glVertex3f( 0.945312, 0.226562, 0.001 );
		glColor4f( 1, 0.492877, 0, 1 );
		glVertex3f( 0.695312, 0.976562, 0.001 );
		glColor4f( 0.988281, 1, 0, 1 );
		glVertex3f( 0.195312, -0.523438, 0.001 );
		glColor4f( 1, 0.824908, 0, 1 );
		glVertex3f( 0.398438, -0.539062, 0.001 );
		glColor4f( 1, 0.164292, 0, 1 );
		glVertex3f( 0.898438, 0.960938, 0.001 );
		glColor4f( 1, 0.568704, 0, 1 );
		glVertex3f( 0.648438, 0.210938, 0.001 );
		glColor4f( 0.871094, 1, 0, 1 );
		glVertex3f( 0.148438, -0.289062, 0.001 );
		glColor4f( 1, 0.366498, 0, 1 );
		glVertex3f( 0.773438, -0.164062, 0.001 );
		glColor4f( 1, 0.935202, 0, 1 );
		glVertex3f( 0.273438, 0.335938, 0.001 );
		glColor4f( 0.558594, 1, 0, 1 );
		glVertex3f( 0.0234375, 0.585938, 0.001 );
		glColor4f( 1, 0.714614, 0, 1 );
		glVertex3f( 0.523438, -0.914062, 0.001 );
		glColor4f( 1, 0.659467, 0, 1 );
		glVertex3f( 0.585938, 0.773438, 0.001 );
		glColor4f( 0.714844, 1, 0, 1 );
		glVertex3f( 0.0859375, -0.726562, 0.001 );
		glColor4f( 1, 0.880055, 0, 1 );
		glVertex3f( 0.335938, -0.476562, 0.001 );
		glColor4f( 1, 0.265395, 0, 1 );
		glVertex3f( 0.835938, 0.0234375, 0.001 );
		glColor4f( 1, 0.990349, 0, 1 );
		glVertex3f( 0.210938, 0.398438, 0.001 );
		glColor4f( 1, 0.467601, 0, 1 );
		glVertex3f( 0.710938, -0.101562, 0.001 );
		glColor4f( 1, 0.0631893, 0, 1 );
		glVertex3f( 0.960938, -0.851562, 0.001 );
		glColor4f( 1, 0.769761, 0, 1 );
		glVertex3f( 0.460938, 0.648438, 0.001 );
		glColor4f( 1, 0.113741, 0, 1 );
		glVertex3f( 0.929688, 0.304688, 0.001 );
		glColor4f( 1, 0.797335, 0, 1 );
		glVertex3f( 0.429688, -0.195312, 0.001 );
		glColor4f( 0.949219, 1, 0, 1 );
		glVertex3f( 0.179688, -0.945312, 0.001 );
		glColor4f( 1, 0.518153, 0, 1 );
		glVertex3f( 0.679688, 0.554688, 0.001 );
		glColor4f( 1, 0.907629, 0, 1 );
		glVertex3f( 0.304688, 0.929688, 0.001 );
		glColor4f( 1, 0.315947, 0, 1 );
		glVertex3f( 0.804688, -0.570312, 0.001 );
		glColor4f( 1, 0.68704, 0, 1 );
		glVertex3f( 0.554688, -0.320312, 0.001 );
		glColor4f( 0.636719, 1, 0, 1 );
		glVertex3f( 0.0546875, 0.179688, 0.001 );
		glColor4f( 0.792969, 1, 0, 1 );
		glVertex3f( 0.117188, -0.0078125, 0.001 );
		glColor4f( 1, 0.619256, 0, 1 );
		glVertex3f( 0.617188, 0.492188, 0.001 );
		glColor4f( 1, 0.214844, 0, 1 );
		glVertex3f( 0.867188, 0.742188, 0.001 );
		glColor4f( 1, 0.852482, 0, 1 );
		glVertex3f( 0.367188, -0.757812, 0.001 );
		glColor4f( 1, 0.41705, 0, 1 );
		glVertex3f( 0.742188, -0.632812, 0.001 );
		glColor4f( 1, 0.962776, 0, 1 );
		glVertex3f( 0.242188, 0.867188, 0.001 );
		glColor4f( 1, 0.742188, 0, 1 );
		glVertex3f( 0.492188, 0.117188, 0.001 );
		glColor4f( 1, 0.0126379, 0, 1 );
		glVertex3f( 0.992188, -0.382812, 0.001 );
		glColor4f( 1, 0.00631893, 0, 1 );
		glVertex3f( 0.996094, -0.691406, 0.001 );
		glColor4f( 1, 0.738741, 0, 1 );
		glVertex3f( 0.496094, 0.808594, 0.001 );
		glColor4f( 1, 0.959329, 0, 1 );
		glVertex3f( 0.246094, 0.0585938, 0.001 );
		glColor4f( 1, 0.410731, 0, 1 );
		glVertex3f( 0.746094, -0.441406, 0.001 );
		glColor4f( 1, 0.849035, 0, 1 );
		glVertex3f( 0.371094, -0.0664062, 0.001 );
		glColor4f( 1, 0.208525, 0, 1 );
		glVertex3f( 0.871094, 0.433594, 0.001 );
		glColor4f( 1, 0.612937, 0, 1 );
		glVertex3f( 0.621094, 0.683594, 0.001 );
		glColor4f( 0.802734, 1, 0, 1 );
		glVertex3f( 0.121094, -0.816406, 0.001 );
		glColor4f( 0.646484, 1, 0, 1 );
		glVertex3f( 0.0585938, 0.996094, 0.001 );
		glColor4f( 1, 0.683594, 0, 1 );
		glVertex3f( 0.558594, -0.503906, 0.001 );
		glColor4f( 1, 0.309628, 0, 1 );
		glVertex3f( 0.808594, -0.253906, 0.001 );
		glColor4f( 1, 0.904182, 0, 1 );
		glVertex3f( 0.308594, 0.246094, 0.001 );
		glColor4f( 1, 0.511834, 0, 1 );
		glVertex3f( 0.683594, 0.371094, 0.001 );
		glColor4f( 0.958984, 1, 0, 1 );
		glVertex3f( 0.183594, -0.128906, 0.001 );
		glColor4f( 1, 0.793888, 0, 1 );
		glVertex3f( 0.433594, -0.878906, 0.001 );
		glColor4f( 1, 0.107422, 0, 1 );
		glVertex3f( 0.933594, 0.621094, 0.001 );
		glColor4f( 1, 0.766314, 0, 1 );
		glVertex3f( 0.464844, 0.464844, 0.001 );
		glColor4f( 1, 0.0568704, 0, 1 );
		glVertex3f( 0.964844, -0.0351562, 0.001 );
		glColor4f( 1, 0.461282, 0, 1 );
		glVertex3f( 0.714844, -0.785156, 0.001 );
		glColor4f( 1, 0.986903, 0, 1 );
		glVertex3f( 0.214844, 0.714844, 0.001 );
		glColor4f( 1, 0.259076, 0, 1 );
		glVertex3f( 0.839844, 0.839844, 0.001 );
		glColor4f( 1, 0.876608, 0, 1 );
		glVertex3f( 0.339844, -0.660156, 0.001 );
	glEnd( );
	glEnable( 2896 );
glEndList( );
glNormal3dv( (pointer argument - 0, 0, 3) );
glCallList( 0 );
glPixelStorei( 3333, 1 );
glColorMask( 1, 1, 1, 1 );
glReadPixels( 0, 0, 800, 400, 6407, 5121, ptr );
glReadPixels( 0, 0, 800, 400, 6402, 5126, ptr );
glPixelStorei( 3333, 1 );
glReadPixels( 0, 0, 800, 400, 6407, 5121, ptr );
glDeleteLists( 0, 1 );
