glPolygonMode( 1032, 6914 );
glEnable( 2903 );
glColorMaterial( 1032, 5634 );
glDrawBuffer( 1026 );
glEnable( 3042 );
glBlendFunc( 770, 771 );
glColorMask( 1, 1, 1, 1 );
glEnable( 2929 );
glViewport( 0, 0, 800, 400 );
glScissor( 0, 0, 800, 400 );
glEnable( 3089 );
glClearColor( 1, 1, 1, 1 );
glClear( 16640 );
glMatrixMode( 5889 );
glLoadIdentity( );
gluPerspective( 45, 2, 0.1, 40 );
glMatrixMode( 5888 );
glLoadIdentity( );
gluLookAt( 1, 1, 2.5, 1, 1, 0, 0, 1, 0 );
glEnable( 2896 );
glLightfv( 16384, 4611, ptr );
glLightf( 16384, 4614, 180 );
glLightfv( 16384, 4612, ptr );
glEnable( 16384 );
glEnable( 2896 );
glLightfv( 16384, 4611, ptr );
glLightf( 16384, 4614, 180 );
glLightfv( 16384, 4612, ptr );
glEnable( 16384 );
glGenLists( 1 );
glNewList( 0, 4864 );
	glDisable( 2896 );
	glNormal3fv( (pointer argument - 0, 0, 1) );
	glBegin( 8 );
		glColor4f( 0.202614, 0.169935, 0.333333, 1 );
		glVertex3dv( (pointer argument - 1, 0, 0) );
		glColor4f( 0.244975, 0.214032, 0.36875, 1 );
		glVertex3dv( (pointer argument - 1.125, 0, 0) );
		glColor4f( 0.212582, 0.18031, 0.341667, 1 );
		glVertex3dv( (pointer argument - 1, 0.25, 0) );
		glColor4f( 0.254943, 0.224408, 0.377083, 1 );
		glVertex3dv( (pointer argument - 1.125, 0.25, 0) );
		glColor4f( 0.242484, 0.211438, 0.366667, 1 );
		glVertex3dv( (pointer argument - 1, 0.5, 0) );
		glColor4f( 0.284845, 0.255535, 0.402083, 1 );
		glVertex3dv( (pointer argument - 1.125, 0.5, 0) );
		glColor4f( 0.29232, 0.263317, 0.408333, 1 );
		glVertex3dv( (pointer argument - 1, 0.75, 0) );
		glColor4f( 0.334681, 0.307414, 0.44375, 1 );
		glVertex3dv( (pointer argument - 1.125, 0.75, 0) );
		glColor4f( 0.362092, 0.335948, 0.466667, 1 );
		glVertex3dv( (pointer argument - 1, 1, 0) );
		glColor4f( 0.404453, 0.380045, 0.502083, 1 );
		glVertex3dv( (pointer argument - 1.125, 1, 0) );
		glColor4f( 0.451797, 0.42933, 0.541667, 1 );
		glVertex3dv( (pointer argument - 1, 1.25, 0) );
		glColor4f( 0.494158, 0.473427, 0.577083, 1 );
		glVertex3dv( (pointer argument - 1.125, 1.25, 0) );
		glColor4f( 0.561438, 0.543464, 0.633333, 1 );
		glVertex3dv( (pointer argument - 1, 1.5, 0) );
		glColor4f( 0.603799, 0.587561, 0.66875, 1 );
		glVertex3dv( (pointer argument - 1.125, 1.5, 0) );
		glColor4f( 0.691013, 0.67835, 0.741667, 1 );
		glVertex3dv( (pointer argument - 1, 1.75, 0) );
		glColor4f( 0.733374, 0.722447, 0.777083, 1 );
		glVertex3dv( (pointer argument - 1.125, 1.75, 0) );
		glColor4f( 0.840268, 0.833721, 0.866453, 1 );
		glVertex3dv( (pointer argument - 1, 2, 0) );
		glColor4f( 0.882629, 0.877819, 0.90187, 1 );
		glVertex3dv( (pointer argument - 1.125, 2, 0) );
		glColor4f( 0.840268, 0.833721, 0.866453, 1 );
		glVertex3dv( (pointer argument - 1, 2, 0) );
		glColor4f( 0.882629, 0.877819, 0.90187, 1 );
		glVertex3dv( (pointer argument - 1.125, 2, 0) );
	glEnd( );
	glBegin( 8 );
		glColor4f( 0.244975, 0.214032, 0.36875, 1 );
		glVertex3dv( (pointer argument - 1.125, 0, 0) );
		glColor4f( 0.29232, 0.263317, 0.408333, 1 );
		glVertex3dv( (pointer argument - 1.25, 0, 0) );
		glColor4f( 0.254943, 0.224408, 0.377083, 1 );
		glVertex3dv( (pointer argument - 1.125, 0.25, 0) );
		glColor4f( 0.302288, 0.273693, 0.416667, 1 );
		glVertex3dv( (pointer argument - 1.25, 0.25, 0) );
		glColor4f( 0.284845, 0.255535, 0.402083, 1 );
		glVertex3dv( (pointer argument - 1.125, 0.5, 0) );
		glColor4f( 0.33219, 0.30482, 0.441667, 1 );
		glVertex3dv( (pointer argument - 1.25, 0.5, 0) );
		glColor4f( 0.334681, 0.307414, 0.44375, 1 );
		glVertex3dv( (pointer argument - 1.125, 0.75, 0) );
		glColor4f( 0.382026, 0.356699, 0.483333, 1 );
		glVertex3dv( (pointer argument - 1.25, 0.75, 0) );
		glColor4f( 0.404453, 0.380045, 0.502083, 1 );
		glVertex3dv( (pointer argument - 1.125, 1, 0) );
		glColor4f( 0.451797, 0.42933, 0.541667, 1 );
		glVertex3dv( (pointer argument - 1.25, 1, 0) );
		glColor4f( 0.494158, 0.473427, 0.577083, 1 );
		glVertex3dv( (pointer argument - 1.125, 1.25, 0) );
		glColor4f( 0.541503, 0.522712, 0.616667, 1 );
		glVertex3dv( (pointer argument - 1.25, 1.25, 0) );
		glColor4f( 0.603799, 0.587561, 0.66875, 1 );
		glVertex3dv( (pointer argument - 1.125, 1.5, 0) );
		glColor4f( 0.651144, 0.636846, 0.708333, 1 );
		glVertex3dv( (pointer argument - 1.25, 1.5, 0) );
		glColor4f( 0.733374, 0.722447, 0.777083, 1 );
		glVertex3dv( (pointer argument - 1.125, 1.75, 0) );
		glColor4f( 0.780719, 0.771732, 0.816667, 1 );
		glVertex3dv( (pointer argument - 1.25, 1.75, 0) );
		glColor4f( 0.882629, 0.877819, 0.90187, 1 );
		glVertex3dv( (pointer argument - 1.125, 2, 0) );
		glColor4f( 0.929974, 0.927104, 0.941453, 1 );
		glVertex3dv( (pointer argument - 1.25, 2, 0) );
		glColor4f( 0.882629, 0.877819, 0.90187, 1 );
		glVertex3dv( (pointer argument - 1.125, 2, 0) );
		glColor4f( 0.929974, 0.927104, 0.941453, 1 );
		glVertex3dv( (pointer argument - 1.25, 2, 0) );
	glEnd( );
	glBegin( 8 );
		glColor4f( 0.29232, 0.263317, 0.408333, 1 );
		glVertex3dv( (pointer argument - 1.25, 0, 0) );
		glColor4f( 0.344649, 0.31779, 0.452083, 1 );
		glVertex3dv( (pointer argument - 1.375, 0, 0) );
		glColor4f( 0.302288, 0.273693, 0.416667, 1 );
		glVertex3dv( (pointer argument - 1.25, 0.25, 0) );
		glColor4f( 0.354616, 0.328166, 0.460417, 1 );
		glVertex3dv( (pointer argument - 1.375, 0.25, 0) );
		glColor4f( 0.33219, 0.30482, 0.441667, 1 );
		glVertex3dv( (pointer argument - 1.25, 0.5, 0) );
		glColor4f( 0.384518, 0.359293, 0.485417, 1 );
		glVertex3dv( (pointer argument - 1.375, 0.5, 0) );
		glColor4f( 0.382026, 0.356699, 0.483333, 1 );
		glVertex3dv( (pointer argument - 1.25, 0.75, 0) );
		glColor4f( 0.434355, 0.411172, 0.527083, 1 );
		glVertex3dv( (pointer argument - 1.375, 0.75, 0) );
		glColor4f( 0.451797, 0.42933, 0.541667, 1 );
		glVertex3dv( (pointer argument - 1.25, 1, 0) );
		glColor4f( 0.504126, 0.483803, 0.585417, 1 );
		glVertex3dv( (pointer argument - 1.375, 1, 0) );
		glColor4f( 0.541503, 0.522712, 0.616667, 1 );
		glVertex3dv( (pointer argument - 1.25, 1.25, 0) );
		glColor4f( 0.593832, 0.577185, 0.660417, 1 );
		glVertex3dv( (pointer argument - 1.375, 1.25, 0) );
		glColor4f( 0.651144, 0.636846, 0.708333, 1 );
		glVertex3dv( (pointer argument - 1.25, 1.5, 0) );
		glColor4f( 0.703472, 0.691319, 0.752083, 1 );
		glVertex3dv( (pointer argument - 1.375, 1.5, 0) );
		glColor4f( 0.780719, 0.771732, 0.816667, 1 );
		glVertex3dv( (pointer argument - 1.25, 1.75, 0) );
		glColor4f( 0.833047, 0.826205, 0.860417, 1 );
		glVertex3dv( (pointer argument - 1.375, 1.75, 0) );
		glColor4f( 0.929974, 0.927104, 0.941453, 1 );
		glVertex3dv( (pointer argument - 1.25, 2, 0) );
		glColor4f( 0.982302, 0.981577, 0.985203, 1 );
		glVertex3dv( (pointer argument - 1.375, 2, 0) );
		glColor4f( 0.929974, 0.927104, 0.941453, 1 );
		glVertex3dv( (pointer argument - 1.25, 2, 0) );
		glColor4f( 0.982302, 0.981577, 0.985203, 1 );
		glVertex3dv( (pointer argument - 1.375, 2, 0) );
	glEnd( );
	glBegin( 8 );
		glColor4f( 0.344649, 0.31779, 0.452083, 1 );
		glVertex3dv( (pointer argument - 1.375, 0, 0) );
		glColor4f( 0.401961, 0.377451, 0.5, 1 );
		glVertex3dv( (pointer argument - 1.5, 0, 0) );
		glColor4f( 0.354616, 0.328166, 0.460417, 1 );
		glVertex3dv( (pointer argument - 1.375, 0.25, 0) );
		glColor4f( 0.411928, 0.387827, 0.508333, 1 );
		glVertex3dv( (pointer argument - 1.5, 0.25, 0) );
		glColor4f( 0.384518, 0.359293, 0.485417, 1 );
		glVertex3dv( (pointer argument - 1.375, 0.5, 0) );
		glColor4f( 0.44183, 0.418954, 0.533333, 1 );
		glVertex3dv( (pointer argument - 1.5, 0.5, 0) );
		glColor4f( 0.434355, 0.411172, 0.527083, 1 );
		glVertex3dv( (pointer argument - 1.375, 0.75, 0) );
		glColor4f( 0.491667, 0.470833, 0.575, 1 );
		glVertex3dv( (pointer argument - 1.5, 0.75, 0) );
		glColor4f( 0.504126, 0.483803, 0.585417, 1 );
		glVertex3dv( (pointer argument - 1.375, 1, 0) );
		glColor4f( 0.561438, 0.543464, 0.633333, 1 );
		glVertex3dv( (pointer argument - 1.5, 1, 0) );
		glColor4f( 0.593832, 0.577185, 0.660417, 1 );
		glVertex3dv( (pointer argument - 1.375, 1.25, 0) );
		glColor4f( 0.651144, 0.636846, 0.708333, 1 );
		glVertex3dv( (pointer argument - 1.5, 1.25, 0) );
		glColor4f( 0.703472, 0.691319, 0.752083, 1 );
		glVertex3dv( (pointer argument - 1.375, 1.5, 0) );
		glColor4f( 0.760784, 0.75098, 0.8, 1 );
		glVertex3dv( (pointer argument - 1.5, 1.5, 0) );
		glColor4f( 0.833047, 0.826205, 0.860417, 1 );
		glVertex3dv( (pointer argument - 1.375, 1.75, 0) );
		glColor4f( 0.89036, 0.885866, 0.908333, 1 );
		glVertex3dv( (pointer argument - 1.5, 1.75, 0) );
		glColor4f( 0.982302, 0.981577, 0.985203, 1 );
		glVertex3dv( (pointer argument - 1.375, 2, 0) );
		glColor4f( 0.988311, 0.963958, 0.960386, 1 );
		glVertex3dv( (pointer argument - 1.5, 2, 0) );
		glColor4f( 0.982302, 0.981577, 0.985203, 1 );
		glVertex3dv( (pointer argument - 1.375, 2, 0) );
		glColor4f( 0.988311, 0.963958, 0.960386, 1 );
		glVertex3dv( (pointer argument - 1.5, 2, 0) );
	glEnd( );
	glBegin( 8 );
		glColor4f( 0.401961, 0.377451, 0.5, 1 );
		glVertex3dv( (pointer argument - 1.5, 0, 0) );
		glColor4f( 0.464257, 0.4423, 0.552083, 1 );
		glVertex3dv( (pointer argument - 1.625, 0, 0) );
		glColor4f( 0.411928, 0.387827, 0.508333, 1 );
		glVertex3dv( (pointer argument - 1.5, 0.25, 0) );
		glColor4f( 0.474224, 0.452676, 0.560417, 1 );
		glVertex3dv( (pointer argument - 1.625, 0.25, 0) );
		glColor4f( 0.44183, 0.418954, 0.533333, 1 );
		glVertex3dv( (pointer argument - 1.5, 0.5, 0) );
		glColor4f( 0.504126, 0.483803, 0.585417, 1 );
		glVertex3dv( (pointer argument - 1.625, 0.5, 0) );
		glColor4f( 0.491667, 0.470833, 0.575, 1 );
		glVertex3dv( (pointer argument - 1.5, 0.75, 0) );
		glColor4f( 0.553962, 0.535682, 0.627083, 1 );
		glVertex3dv( (pointer argument - 1.625, 0.75, 0) );
		glColor4f( 0.561438, 0.543464, 0.633333, 1 );
		glVertex3dv( (pointer argument - 1.5, 1, 0) );
		glColor4f( 0.623734, 0.608313, 0.685417, 1 );
		glVertex3dv( (pointer argument - 1.625, 1, 0) );
		glColor4f( 0.651144, 0.636846, 0.708333, 1 );
		glVertex3dv( (pointer argument - 1.5, 1.25, 0) );
		glColor4f( 0.71344, 0.701695, 0.760417, 1 );
		glVertex3dv( (pointer argument - 1.625, 1.25, 0) );
		glColor4f( 0.760784, 0.75098, 0.8, 1 );
		glVertex3dv( (pointer argument - 1.5, 1.5, 0) );
		glColor4f( 0.82308, 0.815829, 0.852083, 1 );
		glVertex3dv( (pointer argument - 1.625, 1.5, 0) );
		glColor4f( 0.89036, 0.885866, 0.908333, 1 );
		glVertex3dv( (pointer argument - 1.5, 1.75, 0) );
		glColor4f( 0.952655, 0.950715, 0.960417, 1 );
		glVertex3dv( (pointer argument - 1.625, 1.75, 0) );
		glColor4f( 0.988311, 0.963958, 0.960386, 1 );
		glVertex3dv( (pointer argument - 1.5, 2, 0) );
		glColor4f( 0.969928, 0.907279, 0.89809, 1 );
		glVertex3dv( (pointer argument - 1.625, 2, 0) );
		glColor4f( 0.988311, 0.963958, 0.960386, 1 );
		glVertex3dv( (pointer argument - 1.5, 2, 0) );
		glColor4f( 0.969928, 0.907279, 0.89809, 1 );
		glVertex3dv( (pointer argument - 1.625, 2, 0) );
	glEnd( );
	glBegin( 8 );
		glColor4f( 0.464257, 0.4423, 0.552083, 1 );
		glVertex3dv( (pointer argument - 1.625, 0, 0) );
		glColor4f( 0.531536, 0.512337, 0.608333, 1 );
		glVertex3dv( (pointer argument - 1.75, 0, 0) );
		glColor4f( 0.474224, 0.452676, 0.560417, 1 );
		glVertex3dv( (pointer argument - 1.625, 0.25, 0) );
		glColor4f( 0.541503, 0.522712, 0.616667, 1 );
		glVertex3dv( (pointer argument - 1.75, 0.25, 0) );
		glColor4f( 0.504126, 0.483803, 0.585417, 1 );
		glVertex3dv( (pointer argument - 1.625, 0.5, 0) );
		glColor4f( 0.571405, 0.55384, 0.641667, 1 );
		glVertex3dv( (pointer argument - 1.75, 0.5, 0) );
		glColor4f( 0.553962, 0.535682, 0.627083, 1 );
		glVertex3dv( (pointer argument - 1.625, 0.75, 0) );
		glColor4f( 0.621242, 0.605719, 0.683333, 1 );
		glVertex3dv( (pointer argument - 1.75, 0.75, 0) );
		glColor4f( 0.623734, 0.608313, 0.685417, 1 );
		glVertex3dv( (pointer argument - 1.625, 1, 0) );
		glColor4f( 0.691013, 0.67835, 0.741667, 1 );
		glVertex3dv( (pointer argument - 1.75, 1, 0) );
		glColor4f( 0.71344, 0.701695, 0.760417, 1 );
		glVertex3dv( (pointer argument - 1.625, 1.25, 0) );
		glColor4f( 0.780719, 0.771732, 0.816667, 1 );
		glVertex3dv( (pointer argument - 1.75, 1.25, 0) );
		glColor4f( 0.82308, 0.815829, 0.852083, 1 );
		glVertex3dv( (pointer argument - 1.625, 1.5, 0) );
		glColor4f( 0.89036, 0.885866, 0.908333, 1 );
		glVertex3dv( (pointer argument - 1.75, 1.5, 0) );
		glColor4f( 0.952655, 0.950715, 0.960417, 1 );
		glVertex3dv( (pointer argument - 1.625, 1.75, 0) );
		glColor4f( 0.994118, 0.981863, 0.980065, 1 );
		glVertex3dv( (pointer argument - 1.75, 1.75, 0) );
		glColor4f( 0.969928, 0.907279, 0.89809, 1 );
		glVertex3dv( (pointer argument - 1.625, 2, 0) );
		glColor4f( 0.950075, 0.846065, 0.830811, 1 );
		glVertex3dv( (pointer argument - 1.75, 2, 0) );
		glColor4f( 0.969928, 0.907279, 0.89809, 1 );
		glVertex3dv( (pointer argument - 1.625, 2, 0) );
		glColor4f( 0.950075, 0.846065, 0.830811, 1 );
		glVertex3dv( (pointer argument - 1.75, 2, 0) );
	glEnd( );
	glBegin( 8 );
		glColor4f( 0.531536, 0.512337, 0.608333, 1 );
		glVertex3dv( (pointer argument - 1.75, 0, 0) );
		glColor4f( 0.603799, 0.587561, 0.66875, 1 );
		glVertex3dv( (pointer argument - 1.875, 0, 0) );
		glColor4f( 0.541503, 0.522712, 0.616667, 1 );
		glVertex3dv( (pointer argument - 1.75, 0.25, 0) );
		glColor4f( 0.613766, 0.597937, 0.677083, 1 );
		glVertex3dv( (pointer argument - 1.875, 0.25, 0) );
		glColor4f( 0.571405, 0.55384, 0.641667, 1 );
		glVertex3dv( (pointer argument - 1.75, 0.5, 0) );
		glColor4f( 0.643668, 0.629065, 0.702083, 1 );
		glVertex3dv( (pointer argument - 1.875, 0.5, 0) );
		glColor4f( 0.621242, 0.605719, 0.683333, 1 );
		glVertex3dv( (pointer argument - 1.75, 0.75, 0) );
		glColor4f( 0.693505, 0.680944, 0.74375, 1 );
		glVertex3dv( (pointer argument - 1.875, 0.75, 0) );
		glColor4f( 0.691013, 0.67835, 0.741667, 1 );
		glVertex3dv( (pointer argument - 1.75, 1, 0) );
		glColor4f( 0.763276, 0.753574, 0.802083, 1 );
		glVertex3dv( (pointer argument - 1.875, 1, 0) );
		glColor4f( 0.780719, 0.771732, 0.816667, 1 );
		glVertex3dv( (pointer argument - 1.75, 1.25, 0) );
		glColor4f( 0.852982, 0.846957, 0.877083, 1 );
		glVertex3dv( (pointer argument - 1.875, 1.25, 0) );
		glColor4f( 0.89036, 0.885866, 0.908333, 1 );
		glVertex3dv( (pointer argument - 1.75, 1.5, 0) );
		glColor4f( 0.962623, 0.961091, 0.96875, 1 );
		glVertex3dv( (pointer argument - 1.875, 1.5, 0) );
		glColor4f( 0.994118, 0.981863, 0.980065, 1 );
		glVertex3dv( (pointer argument - 1.75, 1.75, 0) );
		glColor4f( 0.972794, 0.916115, 0.907802, 1 );
		glVertex3dv( (pointer argument - 1.875, 1.75, 0) );
		glColor4f( 0.950075, 0.846065, 0.830811, 1 );
		glVertex3dv( (pointer argument - 1.75, 2, 0) );
		glColor4f( 0.928752, 0.780318, 0.758548, 1 );
		glVertex3dv( (pointer argument - 1.875, 2, 0) );
		glColor4f( 0.950075, 0.846065, 0.830811, 1 );
		glVertex3dv( (pointer argument - 1.75, 2, 0) );
		glColor4f( 0.928752, 0.780318, 0.758548, 1 );
		glVertex3dv( (pointer argument - 1.875, 2, 0) );
	glEnd( );
	glBegin( 8 );
		glColor4f( 0.603799, 0.587561, 0.66875, 1 );
		glVertex3dv( (pointer argument - 1.875, 0, 0) );
		glColor4f( 0.680536, 0.667443, 0.732907, 1 );
		glVertex3dv( (pointer argument - 2, 0, 0) );
		glColor4f( 0.613766, 0.597937, 0.677083, 1 );
		glVertex3dv( (pointer argument - 1.875, 0.25, 0) );
		glColor4f( 0.690503, 0.677819, 0.74124, 1 );
		glVertex3dv( (pointer argument - 2, 0.25, 0) );
		glColor4f( 0.643668, 0.629065, 0.702083, 1 );
		glVertex3dv( (pointer argument - 1.875, 0.5, 0) );
		glColor4f( 0.720405, 0.708946, 0.76624, 1 );
		glVertex3dv( (pointer argument - 2, 0.5, 0) );
		glColor4f( 0.693505, 0.680944, 0.74375, 1 );
		glVertex3dv( (pointer argument - 1.875, 0.75, 0) );
		glColor4f( 0.770241, 0.760825, 0.807907, 1 );
		glVertex3dv( (pointer argument - 2, 0.75, 0) );
		glColor4f( 0.763276, 0.753574, 0.802083, 1 );
		glVertex3dv( (pointer argument - 1.875, 1, 0) );
		glColor4f( 0.840013, 0.833456, 0.86624, 1 );
		glVertex3dv( (pointer argument - 2, 1, 0) );
		glColor4f( 0.852982, 0.846957, 0.877083, 1 );
		glVertex3dv( (pointer argument - 1.875, 1.25, 0) );
		glColor4f( 0.929718, 0.926838, 0.94124, 1 );
		glVertex3dv( (pointer argument - 2, 1.25, 0) );
		glColor4f( 0.962623, 0.961091, 0.96875, 1 );
		glVertex3dv( (pointer argument - 1.875, 1.5, 0) );
		glColor4f( 0.988386, 0.96419, 0.960641, 1 );
		glVertex3dv( (pointer argument - 2, 1.5, 0) );
		glColor4f( 0.972794, 0.916115, 0.907802, 1 );
		glVertex3dv( (pointer argument - 1.875, 1.75, 0) );
		glColor4f( 0.950151, 0.846298, 0.831066, 1 );
		glVertex3dv( (pointer argument - 2, 1.75, 0) );
		glColor4f( 0.928752, 0.780318, 0.758548, 1 );
		glVertex3dv( (pointer argument - 1.875, 2, 0) );
		glColor4f( 0.906108, 0.7105, 0.681811, 1 );
		glVertex3dv( (pointer argument - 2, 2, 0) );
		glColor4f( 0.928752, 0.780318, 0.758548, 1 );
		glVertex3dv( (pointer argument - 1.875, 2, 0) );
		glColor4f( 0.906108, 0.7105, 0.681811, 1 );
		glVertex3dv( (pointer argument - 2, 2, 0) );
	glEnd( );
	glBegin( 8 );
		glColor4f( 0.680536, 0.667443, 0.732907, 1 );
		glVertex3dv( (pointer argument - 2, 0, 0) );
		glColor4f( 0.680536, 0.667443, 0.732907, 1 );
		glVertex3dv( (pointer argument - 2, 0, 0) );
		glColor4f( 0.690503, 0.677819, 0.74124, 1 );
		glVertex3dv( (pointer argument - 2, 0.25, 0) );
		glColor4f( 0.690503, 0.677819, 0.74124, 1 );
		glVertex3dv( (pointer argument - 2, 0.25, 0) );
		glColor4f( 0.720405, 0.708946, 0.76624, 1 );
		glVertex3dv( (pointer argument - 2, 0.5, 0) );
		glColor4f( 0.720405, 0.708946, 0.76624, 1 );
		glVertex3dv( (pointer argument - 2, 0.5, 0) );
		glColor4f( 0.770241, 0.760825, 0.807907, 1 );
		glVertex3dv( (pointer argument - 2, 0.75, 0) );
		glColor4f( 0.770241, 0.760825, 0.807907, 1 );
		glVertex3dv( (pointer argument - 2, 0.75, 0) );
		glColor4f( 0.840013, 0.833456, 0.86624, 1 );
		glVertex3dv( (pointer argument - 2, 1, 0) );
		glColor4f( 0.840013, 0.833456, 0.86624, 1 );
		glVertex3dv( (pointer argument - 2, 1, 0) );
		glColor4f( 0.929718, 0.926838, 0.94124, 1 );
		glVertex3dv( (pointer argument - 2, 1.25, 0) );
		glColor4f( 0.929718, 0.926838, 0.94124, 1 );
		glVertex3dv( (pointer argument - 2, 1.25, 0) );
		glColor4f( 0.988386, 0.96419, 0.960641, 1 );
		glVertex3dv( (pointer argument - 2, 1.5, 0) );
		glColor4f( 0.988386, 0.96419, 0.960641, 1 );
		glVertex3dv( (pointer argument - 2, 1.5, 0) );
		glColor4f( 0.950151, 0.846298, 0.831066, 1 );
		glVertex3dv( (pointer argument - 2, 1.75, 0) );
		glColor4f( 0.950151, 0.846298, 0.831066, 1 );
		glVertex3dv( (pointer argument - 2, 1.75, 0) );
		glColor4f( 0.906108, 0.7105, 0.681811, 1 );
		glVertex3dv( (pointer argument - 2, 2, 0) );
		glColor4f( 0.906108, 0.7105, 0.681811, 1 );
		glVertex3dv( (pointer argument - 2, 2, 0) );
		glColor4f( 0.906108, 0.7105, 0.681811, 1 );
		glVertex3dv( (pointer argument - 2, 2, 0) );
		glColor4f( 0.906108, 0.7105, 0.681811, 1 );
		glVertex3dv( (pointer argument - 2, 2, 0) );
	glEnd( );
	glEnable( 2896 );
glEndList( );
glCallList( 0 );
glPixelStorei( 3333, 1 );
glColorMask( 1, 1, 1, 1 );
glReadPixels( 0, 0, 800, 400, 6407, 5121, ptr );
glReadPixels( 0, 0, 800, 400, 6402, 5126, ptr );
glPixelStorei( 3333, 1 );
glReadPixels( 0, 0, 800, 400, 6407, 5121, ptr );
glDeleteLists( 0, 1 );
