glPolygonMode( 1032, 6914 );
glEnable( 2903 );
glColorMaterial( 1032, 5634 );
glDrawBuffer( 1026 );
glEnable( 3042 );
glBlendFunc( 770, 771 );
glColorMask( 1, 1, 1, 1 );
glEnable( 2929 );
glViewport( 0, 0, 800, 400 );
glScissor( 0, 0, 800, 400 );
glEnable( 3089 );
glClearColor( 1, 1, 1, 1 );
glClear( 16640 );
glPushMatrix( );
glMatrixMode( 5889 );
glLoadIdentity( );
gluOrtho2D( 0, 800, 0, 400 );
glMatrixMode( 5888 );
glLoadIdentity( );
glColor4f( 0, 0, 0, 1 );
glPopMatrix( );
glMatrixMode( 5889 );
glLoadIdentity( );
gluPerspective( 45, 2, 0.1, 40 );
glMatrixMode( 5888 );
glLoadIdentity( );
gluLookAt( 0, 0, 3, 0, 0, 0, 0, 1, 0 );
glEnable( 2896 );
glLightfv( 16384, 4611, ptr );
glLightf( 16384, 4614, 180 );
glLightfv( 16384, 4612, ptr );
glEnable( 16384 );
glEnable( 2896 );
glLightfv( 16384, 4611, ptr );
glLightf( 16384, 4614, 180 );
glLightfv( 16384, 4612, ptr );
glEnable( 16384 );
glGenLists( 1 );
glNewList( 0, 4864 );
	glPointSize( 2 );
	glDisable( 2896 );
	glBegin( 0 );
		glColor4f( 0.5, 1, 0, 1 );
		glVertex3f( 0, 0, 0.001 );
		glColor4f( 1, 0.735294, 0, 1 );
		glVertex3f( 0.5, -0.5, 0.001 );
		glColor4f( 1, 0.404412, 0, 1 );
		glVertex3f( 0.75, -0.75, 0.001 );
		glColor4f( 0.235294, 0.0470588, 0.977941, 1 );
		glVertex3f( -0.75, -0.25, 0.001 );
		glColor4f( 0, 0.5625, 0.4375, 1 );
		glVertex3f( -0.375, -0.375, 0.001 );
		glColor4f( 0.8125, 1, 0, 1 );
		glVertex3f( 0.125, -0.875, 0.001 );
		glColor4f( 1, 0.845588, 0, 1 );
		glVertex3f( 0.375, -0.125, 0.001 );
		glColor4f( 0.1875, 1, 0, 1 );
		glVertex3f( -0.125, -0.625, 0.001 );
		glColor4f( 1, 0.101103, 0, 1 );
		glVertex3f( 0.9375, -0.3125, 0.001 );
		glColor4f( 0, 0.09375, 0.90625, 1 );
		glVertex3f( -0.5625, -0.8125, 0.001 );
		glColor4f( 0.333333, 0.0666667, 0.96875, 1 );
		glVertex3f( -0.8125, -0.0625, 0.001 );
		glColor4f( 1, 0.505515, 0, 1 );
		glVertex3f( 0.6875, -0.5625, 0.001 );
		glColor4f( 1, 0.900735, 0, 1 );
		glVertex3f( 0.3125, -0.9375, 0.001 );
		glColor4f( 0.03125, 1, 0, 1 );
		glVertex3f( -0.1875, -0.4375, 0.001 );
		glColor4f( 0, 0.40625, 0.59375, 1 );
		glVertex3f( -0.4375, -0.6875, 0.001 );
		glColor4f( 0.65625, 1, 0, 1 );
		glVertex3f( 0.0625, -0.1875, 0.001 );
		glColor4f( 1, 0.707721, 0, 1 );
		glVertex3f( 0.53125, -0.78125, 0.001 );
		glColor4f( 0.578431, 0.115686, 0.945772, 1 );
		glVertex3f( -0.96875, -0.28125, 0.001 );
		glColor4f( 0.186275, 0.0372549, 0.982537, 1 );
		glVertex3f( -0.71875, -0.53125, 0.001 );
		glColor4f( 1, 0.35386, 0, 1 );
		glVertex3f( 0.78125, -0.03125, 0.001 );
		glColor4f( 0.890625, 1, 0, 1 );
		glVertex3f( 0.15625, -0.40625, 0.001 );
		glColor4f( 0, 0.640625, 0.359375, 1 );
		glVertex3f( -0.34375, -0.90625, 0.001 );
		glColor4f( 0.265625, 1, 0, 1 );
		glVertex3f( -0.09375, -0.15625, 0.001 );
		glColor4f( 1, 0.818015, 0, 1 );
		glVertex3f( 0.40625, -0.65625, 0.001 );
		glColor4f( 0, 0.171875, 0.828125, 1 );
		glVertex3f( -0.53125, -0.46875, 0.001 );
		glColor4f( 1, 0.0505515, 0, 1 );
		glVertex3f( 0.96875, -0.96875, 0.001 );
		glColor4f( 1, 0.454963, 0, 1 );
		glVertex3f( 0.71875, -0.21875, 0.001 );
		glColor4f( 0.284314, 0.0568627, 0.973346, 1 );
		glVertex3f( -0.78125, -0.71875, 0.001 );
		glColor4f( 0.109375, 1, 0, 1 );
		glVertex3f( -0.15625, -0.84375, 0.001 );
		glColor4f( 1, 0.873162, 0, 1 );
		glVertex3f( 0.34375, -0.34375, 0.001 );
		glColor4f( 0.734375, 1, 0, 1 );
		glVertex3f( 0.09375, -0.59375, 0.001 );
		glColor4f( 0, 0.484375, 0.515625, 1 );
		glVertex3f( -0.40625, -0.09375, 0.001 );
		glColor4f( 0, 0.992188, 0.0078125, 1 );
		glVertex3f( -0.203125, -0.109375, 0.001 );
		glColor4f( 1, 0.914522, 0, 1 );
		glVertex3f( 0.296875, -0.609375, 0.001 );
		glColor4f( 0.617188, 1, 0, 1 );
		glVertex3f( 0.046875, -0.359375, 0.001 );
		glColor4f( 0, 0.367188, 0.632812, 1 );
		glVertex3f( -0.453125, -0.859375, 0.001 );
		glColor4f( 0, 0.0546875, 0.945312, 1 );
		glVertex3f( -0.578125, -0.734375, 0.001 );
		glColor4f( 1, 0.126379, 0, 1 );
		glVertex3f( 0.921875, -0.234375, 0.001 );
		glColor4f( 1, 0.53079, 0, 1 );
		glVertex3f( 0.671875, -0.984375, 0.001 );
		glColor4f( 0.357843, 0.0715686, 0.966452, 1 );
		glVertex3f( -0.828125, -0.484375, 0.001 );
		glColor4f( 1, 0.969669, 0, 1 );
		glVertex3f( 0.234375, -0.671875, 0.001 );
		glColor4f( 0, 0.835938, 0.164062, 1 );
		glVertex3f( -0.265625, -0.171875, 0.001 );
		glColor4f( 0.460938, 1, 0, 1 );
		glVertex3f( -0.015625, -0.921875, 0.001 );
		glColor4f( 1, 0.749081, 0, 1 );
		glVertex3f( 0.484375, -0.421875, 0.001 );
		glColor4f( 1, 0.631893, 0, 1 );
		glVertex3f( 0.609375, -0.046875, 0.001 );
		glColor4f( 0.455882, 0.0911765, 0.957261, 1 );
		glVertex3f( -0.890625, -0.546875, 0.001 );
		glColor4f( 0.0637255, 0.0127451, 0.994026, 1 );
		glVertex3f( -0.640625, -0.296875, 0.001 );
		glColor4f( 1, 0.227482, 0, 1 );
		glVertex3f( 0.859375, -0.796875, 0.001 );
		glColor4f( 1, 0.942096, 0, 1 );
		glVertex3f( 0.265625, -0.140625, 0.001 );
		glColor4f( 0, 0.914062, 0.0859375, 1 );
		glVertex3f( -0.234375, -0.640625, 0.001 );
		glColor4f( 0, 0.289062, 0.710938, 1 );
		glVertex3f( -0.484375, -0.390625, 0.001 );
		glColor4f( 0.539062, 1, 0, 1 );
		glVertex3f( 0.015625, -0.890625, 0.001 );
		glColor4f( 1, 0.17693, 0, 1 );
		glVertex3f( 0.890625, -0.515625, 0.001 );
		glColor4f( 0.0147059, 0.00294118, 0.998621, 1 );
		glVertex3f( -0.609375, -0.015625, 0.001 );
		glColor4f( 0.406863, 0.0813726, 0.961857, 1 );
		glVertex3f( -0.859375, -0.765625, 0.001 );
		glColor4f( 1, 0.581342, 0, 1 );
		glVertex3f( 0.640625, -0.265625, 0.001 );
		glColor4f( 0, 0.757812, 0.242188, 1 );
		glVertex3f( -0.296875, -0.578125, 0.001 );
		glColor4f( 1, 0.997243, 0, 1 );
		glVertex3f( 0.203125, -0.078125, 0.001 );
		glColor4f( 1, 0.776654, 0, 1 );
		glVertex3f( 0.453125, -0.828125, 0.001 );
		glColor4f( 0.382812, 1, 0, 1 );
		glVertex3f( -0.046875, -0.328125, 0.001 );
		glColor4f( 0.504902, 0.10098, 0.952665, 1 );
		glVertex3f( -0.921875, -0.203125, 0.001 );
		glColor4f( 1, 0.66636, 0, 1 );
		glVertex3f( 0.578125, -0.703125, 0.001 );
		glColor4f( 1, 0.278033, 0, 1 );
		glVertex3f( 0.828125, -0.453125, 0.001 );
		glColor4f( 0.112745, 0.022549, 0.98943, 1 );
		glVertex3f( -0.671875, -0.953125, 0.001 );
		glColor4f( 1, 0.543428, 0, 1 );
		glVertex3f( 0.664062, -0.429688, 0.001 );
		glColor4f( 0.370098, 0.0740196, 0.965303, 1 );
		glVertex3f( -0.835938, -0.929688, 0.001 );
		glColor4f( 0, 0.0351562, 0.964844, 1 );
		glVertex3f( -0.585938, -0.179688, 0.001 );
		glColor4f( 1, 0.139017, 0, 1 );
		glVertex3f( 0.914062, -0.679688, 0.001 );
		glColor4f( 0.597656, 1, 0, 1 );
		glVertex3f( 0.0390625, -0.804688, 0.001 );
		glColor4f( 0, 0.347656, 0.652344, 1 );
		glVertex3f( -0.460938, -0.304688, 0.001 );
		glColor4f( 0, 0.972656, 0.0273438, 1 );
		glVertex3f( -0.210938, -0.554688, 0.001 );
		glColor4f( 1, 0.921415, 0, 1 );
		glVertex3f( 0.289062, -0.0546875, 0.001 );
		glColor4f( 0.0759804, 0.0151961, 0.992877, 1 );
		glVertex3f( -0.648438, -0.867188, 0.001 );
		glColor4f( 1, 0.240119, 0, 1 );
		glVertex3f( 0.851562, -0.367188, 0.001 );
		glColor4f( 1, 0.644531, 0, 1 );
		glVertex3f( 0.601562, -0.617188, 0.001 );
		glColor4f( 0.468137, 0.0936275, 0.956112, 1 );
		glVertex3f( -0.898438, -0.117188, 0.001 );
		glColor4f( 0.441406, 1, 0, 1 );
		glVertex3f( -0.0234375, -0.492188, 0.001 );
		glColor4f( 1, 0.755974, 0, 1 );
		glVertex3f( 0.476562, -0.992188, 0.001 );
		glColor4f( 1, 0.976562, 0, 1 );
		glVertex3f( 0.226562, -0.242188, 0.001 );
		glColor4f( 0, 0.816406, 0.183594, 1 );
		glVertex3f( -0.273438, -0.742188, 0.001 );
		glColor4f( 0.419118, 0.0838235, 0.960708, 1 );
		glVertex3f( -0.867188, -0.335938, 0.001 );
		glColor4f( 1, 0.59398, 0, 1 );
		glVertex3f( 0.632812, -0.835938, 0.001 );
		glColor4f( 1, 0.189568, 0, 1 );
		glVertex3f( 0.882812, -0.0859375, 0.001 );
		glColor4f( 0.0269608, 0.00539216, 0.997472, 1 );
		glVertex3f( -0.617188, -0.585938, 0.001 );
		glColor4f( 0, 0.269531, 0.730469, 1 );
		glVertex3f( -0.492188, -0.960938, 0.001 );
		glColor4f( 0.519531, 1, 0, 1 );
		glVertex3f( 0.0078125, -0.460938, 0.001 );
		glColor4f( 1, 0.948989, 0, 1 );
		glVertex3f( 0.257812, -0.710938, 0.001 );
		glColor4f( 0, 0.894531, 0.105469, 1 );
		glVertex3f( -0.242188, -0.210938, 0.001 );
		glColor4f( 1, 0.290671, 0, 1 );
		glVertex3f( 0.820312, -0.898438, 0.001 );
		glColor4f( 0.125, 0.025, 0.988281, 1 );
		glVertex3f( -0.679688, -0.398438, 0.001 );
		glColor4f( 0.517157, 0.103431, 0.951517, 1 );
		glVertex3f( -0.929688, -0.648438, 0.001 );
		glColor4f( 1, 0.673254, 0, 1 );
		glVertex3f( 0.570312, -0.148438, 0.001 );
		glColor4f( 1, 0.783548, 0, 1 );
		glVertex3f( 0.445312, -0.273438, 0.001 );
		glColor4f( 0.363281, 1, 0, 1 );
		glVertex3f( -0.0546875, -0.773438, 0.001 );
		glColor4f( 0, 0.738281, 0.261719, 1 );
		glVertex3f( -0.304688, -0.0234375, 0.001 );
		glColor4f( 0.988281, 1, 0, 1 );
		glVertex3f( 0.195312, -0.523438, 0.001 );
		glColor4f( 1, 0.824908, 0, 1 );
		glVertex3f( 0.398438, -0.539062, 0.001 );
		glColor4f( 0.246094, 1, 0, 1 );
		glVertex3f( -0.101562, -0.0390625, 0.001 );
		glColor4f( 0, 0.621094, 0.378906, 1 );
		glVertex3f( -0.351562, -0.789062, 0.001 );
		glColor4f( 0.871094, 1, 0, 1 );
		glVertex3f( 0.148438, -0.289062, 0.001 );
		glColor4f( 1, 0.366498, 0, 1 );
		glVertex3f( 0.773438, -0.164062, 0.001 );
		glColor4f( 0.198529, 0.0397059, 0.981388, 1 );
		glVertex3f( -0.726562, -0.664062, 0.001 );
		glColor4f( 0.590686, 0.118137, 0.944623, 1 );
		glVertex3f( -0.976562, -0.414062, 0.001 );
		glColor4f( 1, 0.714614, 0, 1 );
		glVertex3f( 0.523438, -0.914062, 0.001 );
		glColor4f( 0, 0.464844, 0.535156, 1 );
		glVertex3f( -0.414062, -0.226562, 0.001 );
		glColor4f( 0.714844, 1, 0, 1 );
		glVertex3f( 0.0859375, -0.726562, 0.001 );
		glColor4f( 1, 0.880055, 0, 1 );
		glVertex3f( 0.335938, -0.476562, 0.001 );
		glColor4f( 0.0898438, 1, 0, 1 );
		glVertex3f( -0.164062, -0.976562, 0.001 );
		glColor4f( 0.296569, 0.0593137, 0.972197, 1 );
		glVertex3f( -0.789062, -0.601562, 0.001 );
		glColor4f( 1, 0.467601, 0, 1 );
		glVertex3f( 0.710938, -0.101562, 0.001 );
		glColor4f( 1, 0.0631893, 0, 1 );
		glVertex3f( 0.960938, -0.851562, 0.001 );
		glColor4f( 0, 0.152344, 0.847656, 1 );
		glVertex3f( -0.539062, -0.351562, 0.001 );
		glColor4f( 0.324219, 1, 0, 1 );
		glVertex3f( -0.0703125, -0.695312, 0.001 );
		glColor4f( 1, 0.797335, 0, 1 );
		glVertex3f( 0.429688, -0.195312, 0.001 );
		glColor4f( 0.949219, 1, 0, 1 );
		glVertex3f( 0.179688, -0.945312, 0.001 );
		glColor4f( 0, 0.699219, 0.300781, 1 );
		glVertex3f( -0.320312, -0.445312, 0.001 );
		glColor4f( 0.14951, 0.029902, 0.985983, 1 );
		glVertex3f( -0.695312, -0.0703125, 0.001 );
		glColor4f( 1, 0.315947, 0, 1 );
		glVertex3f( 0.804688, -0.570312, 0.001 );
		glColor4f( 1, 0.68704, 0, 1 );
		glVertex3f( 0.554688, -0.320312, 0.001 );
		glColor4f( 0.541667, 0.108333, 0.949219, 1 );
		glVertex3f( -0.945312, -0.820312, 0.001 );
		glColor4f( 0.792969, 1, 0, 1 );
		glVertex3f( 0.117188, -0.0078125, 0.001 );
		glColor4f( 0, 0.542969, 0.457031, 1 );
		glVertex3f( -0.382812, -0.507812, 0.001 );
		glColor4f( 0.167969, 1, 0, 1 );
		glVertex3f( -0.132812, -0.257812, 0.001 );
		glColor4f( 1, 0.852482, 0, 1 );
		glVertex3f( 0.367188, -0.757812, 0.001 );
		glColor4f( 1, 0.41705, 0, 1 );
		glVertex3f( 0.742188, -0.632812, 0.001 );
		glColor4f( 0.247549, 0.0495098, 0.976792, 1 );
		glVertex3f( -0.757812, -0.132812, 0.001 );
		glColor4f( 0, 0.230469, 0.769531, 1 );
		glVertex3f( -0.507812, -0.882812, 0.001 );
		glColor4f( 1, 0.0126379, 0, 1 );
		glVertex3f( 0.992188, -0.382812, 0.001 );
		glColor4f( 1, 0.00631893, 0, 1 );
		glVertex3f( 0.996094, -0.691406, 0.001 );
		glColor4f( 0, 0.240234, 0.759766, 1 );
		glVertex3f( -0.503906, -0.191406, 0.001 );
		glColor4f( 0.241422, 0.0482843, 0.977367, 1 );
		glVertex3f( -0.753906, -0.941406, 0.001 );
		glColor4f( 1, 0.410731, 0, 1 );
		glVertex3f( 0.746094, -0.441406, 0.001 );
		glColor4f( 1, 0.849035, 0, 1 );
		glVertex3f( 0.371094, -0.0664062, 0.001 );
		glColor4f( 0.177734, 1, 0, 1 );
		glVertex3f( -0.128906, -0.566406, 0.001 );
		glColor4f( 0, 0.552734, 0.447266, 1 );
		glVertex3f( -0.378906, -0.316406, 0.001 );
		glColor4f( 0.802734, 1, 0, 1 );
		glVertex3f( 0.121094, -0.816406, 0.001 );
		glColor4f( 0.535539, 0.107108, 0.949793, 1 );
		glVertex3f( -0.941406, -0.00390625, 0.001 );
		glColor4f( 1, 0.683594, 0, 1 );
		glVertex3f( 0.558594, -0.503906, 0.001 );
		glColor4f( 1, 0.309628, 0, 1 );
		glVertex3f( 0.808594, -0.253906, 0.001 );
		glColor4f( 0.143382, 0.0286765, 0.986558, 1 );
		glVertex3f( -0.691406, -0.753906, 0.001 );
		glColor4f( 0, 0.708984, 0.291016, 1 );
		glVertex3f( -0.316406, -0.628906, 0.001 );
		glColor4f( 0.958984, 1, 0, 1 );
		glVertex3f( 0.183594, -0.128906, 0.001 );
		glColor4f( 1, 0.793888, 0, 1 );
		glVertex3f( 0.433594, -0.878906, 0.001 );
		glColor4f( 0.333984, 1, 0, 1 );
		glVertex3f( -0.0664062, -0.378906, 0.001 );
		glColor4f( 0, 0.162109, 0.837891, 1 );
		glVertex3f( -0.535156, -0.535156, 0.001 );
		glColor4f( 1, 0.0568704, 0, 1 );
		glVertex3f( 0.964844, -0.0351562, 0.001 );
		glColor4f( 1, 0.461282, 0, 1 );
		glVertex3f( 0.714844, -0.785156, 0.001 );
		glColor4f( 0.290441, 0.0580882, 0.972771, 1 );
		glVertex3f( -0.785156, -0.285156, 0.001 );
		glColor4f( 0.0996094, 1, 0, 1 );
		glVertex3f( -0.160156, -0.160156, 0.001 );
		glColor4f( 1, 0.876608, 0, 1 );
		glVertex3f( 0.339844, -0.660156, 0.001 );
	glEnd( );
	glEnable( 2896 );
glEndList( );
glNormal3dv( (pointer argument - 0, 0, 3) );
glCallList( 0 );
glPixelStorei( 3333, 1 );
glColorMask( 1, 1, 1, 1 );
glReadPixels( 0, 0, 800, 400, 6407, 5121, ptr );
glReadPixels( 0, 0, 800, 400, 6402, 5126, ptr );
glClear( 16640 );
glPushMatrix( );
glMatrixMode( 5889 );
glLoadIdentity( );
gluOrtho2D( 0, 800, 0, 400 );
glMatrixMode( 5888 );
glLoadIdentity( );
glPixelStorei( 3317, 1 );
glRasterPos2i( 0, 0 );
glDrawPixels( 800, 400, 6402, 5126, ptr );
glRasterPos2i( 0, 0 );
glDisable( 2929 );
glDrawPixels( 800, 400, 6407, 5121, ptr );
glEnable( 2929 );
glPopMatrix( );
glMatrixMode( 5889 );
glLoadIdentity( );
gluPerspective( 45, 2, 0.1, 40 );
glMatrixMode( 5888 );
glLoadIdentity( );
gluLookAt( 0, 0, 3, 0, 0, 0, 0, 1, 0 );
glPixelStorei( 3333, 1 );
glReadPixels( 0, 0, 800, 400, 6407, 5121, ptr );
glDeleteLists( 0, 1 );
