glPolygonMode( 1032, 6914 );
glEnable( 2903 );
glColorMaterial( 1032, 5634 );
glDrawBuffer( 1026 );
glEnable( 3042 );
glBlendFunc( 770, 771 );
glColorMask( 1, 1, 1, 1 );
glEnable( 2929 );
glViewport( 0, 0, 800, 400 );
glScissor( 0, 0, 800, 400 );
glEnable( 3089 );
glClearColor( 1, 1, 1, 1 );
glClear( 16640 );
glPushMatrix( );
glMatrixMode( 5889 );
glLoadIdentity( );
gluOrtho2D( 0, 800, 0, 400 );
glMatrixMode( 5888 );
glLoadIdentity( );
glColor4f( 0, 0, 0, 1 );
glPopMatrix( );
glMatrixMode( 5889 );
glLoadIdentity( );
gluPerspective( 45, 2, 0.1, 40 );
glMatrixMode( 5888 );
glLoadIdentity( );
gluLookAt( 0, 0, 3, 0, 0, 0, 0, 1, 0 );
glEnable( 2896 );
glLightfv( 16384, 4611, ptr );
glLightf( 16384, 4614, 180 );
glLightfv( 16384, 4612, ptr );
glEnable( 16384 );
glEnable( 2896 );
glLightfv( 16384, 4611, ptr );
glLightf( 16384, 4614, 180 );
glLightfv( 16384, 4612, ptr );
glEnable( 16384 );
glGenLists( 1 );
glNewList( 0, 4864 );
	glPointSize( 2 );
	glDisable( 2896 );
	glBegin( 0 );
		glColor4f( 0, 0.25, 0.75, 1 );
		glVertex3dv( (pointer argument - -0.5, 0.5, -0.25) );
		glColor4f( 0, 0.875, 0.125, 1 );
		glVertex3dv( (pointer argument - -0.25, 0.25, -0.375) );
		glColor4f( 0.235294, 0.0470588, 0.977941, 1 );
		glVertex3dv( (pointer argument - -0.75, -0.25, -0.125) );
		glColor4f( 0, 0.5625, 0.4375, 1 );
		glVertex3dv( (pointer argument - -0.375, -0.375, 0.1875) );
		glColor4f( 0.431373, 0.0862745, 0.959559, 1 );
		glVertex3dv( (pointer argument - -0.875, 0.125, 0.4375) );
		glColor4f( 0.0392157, 0.00784314, 0.996324, 1 );
		glVertex3dv( (pointer argument - -0.625, 0.875, 0.0625) );
		glColor4f( 0.1875, 1, 0, 1 );
		glVertex3dv( (pointer argument - -0.125, -0.625, 0.3125) );
		glColor4f( 0.34375, 1, 0, 1 );
		glVertex3dv( (pointer argument - -0.0625, 0.6875, -0.09375) );
		glColor4f( 0, 0.09375, 0.90625, 1 );
		glVertex3dv( (pointer argument - -0.5625, -0.8125, -0.34375) );
		glColor4f( 0.333333, 0.0666667, 0.96875, 1 );
		glVertex3dv( (pointer argument - -0.8125, -0.0625, -0.21875) );
		glColor4f( 0, 0.71875, 0.28125, 1 );
		glVertex3dv( (pointer argument - -0.3125, 0.4375, -0.46875) );
		glColor4f( 0.137255, 0.027451, 0.987132, 1 );
		glVertex3dv( (pointer argument - -0.6875, 0.0625, 0.34375) );
		glColor4f( 0.03125, 1, 0, 1 );
		glVertex3dv( (pointer argument - -0.1875, -0.4375, 0.09375) );
		glColor4f( 0, 0.40625, 0.59375, 1 );
		glVertex3dv( (pointer argument - -0.4375, -0.6875, 0.46875) );
		glColor4f( 0.529412, 0.105882, 0.950368, 1 );
		glVertex3dv( (pointer argument - -0.9375, 0.8125, 0.21875) );
		glColor4f( 0, 0.328125, 0.671875, 1 );
		glVertex3dv( (pointer argument - -0.46875, 0.21875, 0.078125) );
		glColor4f( 0.578431, 0.115686, 0.945772, 1 );
		glVertex3dv( (pointer argument - -0.96875, -0.28125, 0.328125) );
		glColor4f( 0.186275, 0.0372549, 0.982537, 1 );
		glVertex3dv( (pointer argument - -0.71875, -0.53125, 0.203125) );
		glColor4f( 0, 0.953125, 0.046875, 1 );
		glVertex3dv( (pointer argument - -0.21875, 0.96875, 0.453125) );
		glColor4f( 0.382353, 0.0764706, 0.964154, 1 );
		glVertex3dv( (pointer argument - -0.84375, 0.59375, -0.359375) );
		glColor4f( 0, 0.640625, 0.359375, 1 );
		glVertex3dv( (pointer argument - -0.34375, -0.90625, -0.109375) );
		glColor4f( 0.265625, 1, 0, 1 );
		glVertex3dv( (pointer argument - -0.09375, -0.15625, -0.484375) );
		glColor4f( 0, 0.015625, 0.984375, 1 );
		glVertex3dv( (pointer argument - -0.59375, 0.34375, -0.234375) );
		glColor4f( 0, 0.171875, 0.828125, 1 );
		glVertex3dv( (pointer argument - -0.53125, -0.46875, 0.484375) );
		glColor4f( 0.421875, 1, 0, 1 );
		glVertex3dv( (pointer argument - -0.03125, 0.03125, 0.234375) );
		glColor4f( 0, 0.796875, 0.203125, 1 );
		glVertex3dv( (pointer argument - -0.28125, 0.78125, 0.359375) );
		glColor4f( 0.284314, 0.0568627, 0.973346, 1 );
		glVertex3dv( (pointer argument - -0.78125, -0.71875, 0.109375) );
		glColor4f( 0.109375, 1, 0, 1 );
		glVertex3dv( (pointer argument - -0.15625, -0.84375, -0.203125) );
		glColor4f( 0.0882353, 0.0176471, 0.991728, 1 );
		glVertex3dv( (pointer argument - -0.65625, 0.65625, -0.453125) );
		glColor4f( 0.480392, 0.0960784, 0.954963, 1 );
		glVertex3dv( (pointer argument - -0.90625, 0.40625, -0.078125) );
		glColor4f( 0, 0.484375, 0.515625, 1 );
		glVertex3dv( (pointer argument - -0.40625, -0.09375, -0.328125) );
		glColor4f( 0, 0.992188, 0.0078125, 1 );
		glVertex3dv( (pointer argument - -0.203125, -0.109375, 0.304688) );
		glColor4f( 0.161765, 0.0323529, 0.984835, 1 );
		glVertex3dv( (pointer argument - -0.703125, 0.390625, 0.0546875) );
		glColor4f( 0.553922, 0.110784, 0.94807, 1 );
		glVertex3dv( (pointer argument - -0.953125, 0.640625, 0.429688) );
		glColor4f( 0, 0.367188, 0.632812, 1 );
		glVertex3dv( (pointer argument - -0.453125, -0.859375, 0.179688) );
		glColor4f( 0, 0.0546875, 0.945312, 1 );
		glVertex3dv( (pointer argument - -0.578125, -0.734375, -0.0078125) );
		glColor4f( 0.304688, 1, 0, 1 );
		glVertex3dv( (pointer argument - -0.078125, 0.765625, -0.257812) );
		glColor4f( 0, 0.679688, 0.320312, 1 );
		glVertex3dv( (pointer argument - -0.328125, 0.015625, -0.132812) );
		glColor4f( 0.357843, 0.0715686, 0.966452, 1 );
		glVertex3dv( (pointer argument - -0.828125, -0.484375, -0.382812) );
		glColor4f( 0.259804, 0.0519608, 0.975643, 1 );
		glVertex3dv( (pointer argument - -0.765625, 0.328125, 0.148438) );
		glColor4f( 0, 0.835938, 0.164062, 1 );
		glVertex3dv( (pointer argument - -0.265625, -0.171875, 0.398438) );
		glColor4f( 0.460938, 1, 0, 1 );
		glVertex3dv( (pointer argument - -0.015625, -0.921875, 0.0234375) );
		glColor4f( 0, 0.210938, 0.789062, 1 );
		glVertex3dv( (pointer argument - -0.515625, 0.578125, 0.273438) );
		glColor4f( 0, 0.523438, 0.476562, 1 );
		glVertex3dv( (pointer argument - -0.390625, 0.953125, -0.414062) );
		glColor4f( 0.455882, 0.0911765, 0.957261, 1 );
		glVertex3dv( (pointer argument - -0.890625, -0.546875, -0.164062) );
		glColor4f( 0.0637255, 0.0127451, 0.994026, 1 );
		glVertex3dv( (pointer argument - -0.640625, -0.296875, -0.289062) );
		glColor4f( 0.148438, 1, 0, 1 );
		glVertex3dv( (pointer argument - -0.140625, 0.203125, -0.0390625) );
		glColor4f( 0.210784, 0.0421569, 0.980239, 1 );
		glVertex3dv( (pointer argument - -0.734375, 0.859375, -0.148438) );
		glColor4f( 0, 0.914062, 0.0859375, 1 );
		glVertex3dv( (pointer argument - -0.234375, -0.640625, -0.398438) );
		glColor4f( 0, 0.289062, 0.710938, 1 );
		glVertex3dv( (pointer argument - -0.484375, -0.390625, -0.0234375) );
		glColor4f( 0.602941, 0.120588, 0.943474, 1 );
		glVertex3dv( (pointer argument - -0.984375, 0.109375, -0.273438) );
		glColor4f( 0.226562, 1, 0, 1 );
		glVertex3dv( (pointer argument - -0.109375, 0.484375, 0.414062) );
		glColor4f( 0.0147059, 0.00294118, 0.998621, 1 );
		glVertex3dv( (pointer argument - -0.609375, -0.015625, 0.164062) );
		glColor4f( 0.406863, 0.0813726, 0.961857, 1 );
		glVertex3dv( (pointer argument - -0.859375, -0.765625, 0.289062) );
		glColor4f( 0, 0.601562, 0.398438, 1 );
		glVertex3dv( (pointer argument - -0.359375, 0.734375, 0.0390625) );
		glColor4f( 0, 0.757812, 0.242188, 1 );
		glVertex3dv( (pointer argument - -0.296875, -0.578125, -0.304688) );
		glColor4f( 0.308824, 0.0617647, 0.971048, 1 );
		glVertex3dv( (pointer argument - -0.796875, 0.921875, -0.0546875) );
		glColor4f( 0, 0.132812, 0.867188, 1 );
		glVertex3dv( (pointer argument - -0.546875, 0.171875, -0.429688) );
		glColor4f( 0.382812, 1, 0, 1 );
		glVertex3dv( (pointer argument - -0.046875, -0.328125, -0.179688) );
		glColor4f( 0.504902, 0.10098, 0.952665, 1 );
		glVertex3dv( (pointer argument - -0.921875, -0.203125, 0.0078125) );
		glColor4f( 0, 0.445312, 0.554688, 1 );
		glVertex3dv( (pointer argument - -0.421875, 0.296875, 0.257812) );
		glColor4f( 0.0703125, 1, 0, 1 );
		glVertex3dv( (pointer argument - -0.171875, 0.546875, 0.132812) );
		glColor4f( 0.112745, 0.022549, 0.98943, 1 );
		glVertex3dv( (pointer argument - -0.671875, -0.953125, 0.382812) );
		glColor4f( 0, 0.660156, 0.339844, 1 );
		glVertex3dv( (pointer argument - -0.335938, 0.570312, 0.441406) );
		glColor4f( 0.370098, 0.0740196, 0.965303, 1 );
		glVertex3dv( (pointer argument - -0.835938, -0.929688, 0.191406) );
		glColor4f( 0, 0.0351562, 0.964844, 1 );
		glVertex3dv( (pointer argument - -0.585938, -0.179688, 0.316406) );
		glColor4f( 0.285156, 1, 0, 1 );
		glVertex3dv( (pointer argument - -0.0859375, 0.320312, 0.0664062) );
		glColor4f( 0.566176, 0.113235, 0.946921, 1 );
		glVertex3dv( (pointer argument - -0.960938, 0.195312, -0.246094) );
		glColor4f( 0, 0.347656, 0.652344, 1 );
		glVertex3dv( (pointer argument - -0.460938, -0.304688, -0.496094) );
		glColor4f( 0, 0.972656, 0.0273438, 1 );
		glVertex3dv( (pointer argument - -0.210938, -0.554688, -0.121094) );
		glColor4f( 0.17402, 0.0348039, 0.983686, 1 );
		glVertex3dv( (pointer argument - -0.710938, 0.945312, -0.371094) );
		glColor4f( 0.0759804, 0.0151961, 0.992877, 1 );
		glVertex3dv( (pointer argument - -0.648438, -0.867188, 0.0976562) );
		glColor4f( 0.128906, 1, 0, 1 );
		glVertex3dv( (pointer argument - -0.148438, 0.632812, 0.347656) );
		glColor4f( 0, 0.503906, 0.496094, 1 );
		glVertex3dv( (pointer argument - -0.398438, 0.382812, 0.222656) );
		glColor4f( 0.468137, 0.0936275, 0.956112, 1 );
		glVertex3dv( (pointer argument - -0.898438, -0.117188, 0.472656) );
		glColor4f( 0.441406, 1, 0, 1 );
		glVertex3dv( (pointer argument - -0.0234375, -0.492188, -0.339844) );
		glColor4f( 0, 0.191406, 0.808594, 1 );
		glVertex3dv( (pointer argument - -0.523438, 0.0078125, -0.0898438) );
		glColor4f( 0.272059, 0.0544118, 0.974494, 1 );
		glVertex3dv( (pointer argument - -0.773438, 0.757812, -0.464844) );
		glColor4f( 0, 0.816406, 0.183594, 1 );
		glVertex3dv( (pointer argument - -0.273438, -0.742188, -0.214844) );
		glColor4f( 0.419118, 0.0838235, 0.960708, 1 );
		glVertex3dv( (pointer argument - -0.867188, -0.335938, -0.105469) );
		glColor4f( 0, 0.582031, 0.417969, 1 );
		glVertex3dv( (pointer argument - -0.367188, 0.164062, -0.355469) );
		glColor4f( 0.207031, 1, 0, 1 );
		glVertex3dv( (pointer argument - -0.117188, 0.914062, -0.230469) );
		glColor4f( 0.0269608, 0.00539216, 0.997472, 1 );
		glVertex3dv( (pointer argument - -0.617188, -0.585938, -0.480469) );
		glColor4f( 0, 0.269531, 0.730469, 1 );
		glVertex3dv( (pointer argument - -0.492188, -0.960938, 0.332031) );
		glColor4f( 0.615196, 0.123039, 0.942325, 1 );
		glVertex3dv( (pointer argument - -0.992188, 0.539062, 0.0820312) );
		glColor4f( 0.223039, 0.0446078, 0.97909, 1 );
		glVertex3dv( (pointer argument - -0.742188, 0.289062, 0.457031) );
		glColor4f( 0, 0.894531, 0.105469, 1 );
		glVertex3dv( (pointer argument - -0.242188, -0.210938, 0.207031) );
		glColor4f( 0.0507812, 1, 0, 1 );
		glVertex3dv( (pointer argument - -0.179688, 0.101562, -0.449219) );
		glColor4f( 0.125, 0.025, 0.988281, 1 );
		glVertex3dv( (pointer argument - -0.679688, -0.398438, -0.199219) );
		glColor4f( 0.517157, 0.103431, 0.951517, 1 );
		glVertex3dv( (pointer argument - -0.929688, -0.648438, -0.324219) );
		glColor4f( 0, 0.425781, 0.574219, 1 );
		glVertex3dv( (pointer argument - -0.429688, 0.851562, -0.0742188) );
		glColor4f( 0, 0.113281, 0.886719, 1 );
		glVertex3dv( (pointer argument - -0.554688, 0.726562, 0.238281) );
		glColor4f( 0.363281, 1, 0, 1 );
		glVertex3dv( (pointer argument - -0.0546875, -0.773438, 0.488281) );
		glColor4f( 0, 0.738281, 0.261719, 1 );
		glVertex3dv( (pointer argument - -0.304688, -0.0234375, 0.113281) );
		glColor4f( 0.321078, 0.0642157, 0.969899, 1 );
		glVertex3dv( (pointer argument - -0.804688, 0.476562, 0.363281) );
		glColor4f( 0.002451, 0.000490203, 0.99977, 1 );
		glVertex3dv( (pointer argument - -0.601562, 0.460938, -0.253906) );
		glColor4f( 0.246094, 1, 0, 1 );
		glVertex3dv( (pointer argument - -0.101562, -0.0390625, -0.00390625) );
		glColor4f( 0, 0.621094, 0.378906, 1 );
		glVertex3dv( (pointer argument - -0.351562, -0.789062, -0.378906) );
		glColor4f( 0.394608, 0.0789216, 0.963006, 1 );
		glVertex3dv( (pointer argument - -0.851562, 0.710938, -0.128906) );
		glColor4f( 0, 0.933594, 0.0664062, 1 );
		glVertex3dv( (pointer argument - -0.226562, 0.835938, 0.0585938) );
		glColor4f( 0.198529, 0.0397059, 0.981388, 1 );
		glVertex3dv( (pointer argument - -0.726562, -0.664062, 0.308594) );
		glColor4f( 0.590686, 0.118137, 0.944623, 1 );
		glVertex3dv( (pointer argument - -0.976562, -0.414062, 0.183594) );
		glColor4f( 0, 0.308594, 0.691406, 1 );
		glVertex3dv( (pointer argument - -0.476562, 0.0859375, 0.433594) );
		glColor4f( 0, 0.464844, 0.535156, 1 );
		glVertex3dv( (pointer argument - -0.414062, -0.226562, -0.160156) );
		glColor4f( 0.492647, 0.0985294, 0.953814, 1 );
		glVertex3dv( (pointer argument - -0.914062, 0.273438, -0.410156) );
		glColor4f( 0.10049, 0.020098, 0.990579, 1 );
		glVertex3dv( (pointer argument - -0.664062, 0.523438, -0.0351562) );
		glColor4f( 0.0898438, 1, 0, 1 );
		glVertex3dv( (pointer argument - -0.164062, -0.976562, -0.285156) );
		glColor4f( 0.296569, 0.0593137, 0.972197, 1 );
		glVertex3dv( (pointer argument - -0.789062, -0.601562, 0.402344) );
		glColor4f( 0, 0.777344, 0.222656, 1 );
		glVertex3dv( (pointer argument - -0.289062, 0.898438, 0.152344) );
		glColor4f( 0.402344, 1, 0, 1 );
		glVertex3dv( (pointer argument - -0.0390625, 0.148438, 0.277344) );
		glColor4f( 0, 0.152344, 0.847656, 1 );
		glVertex3dv( (pointer argument - -0.539062, -0.351562, 0.0273438) );
		glColor4f( 0.324219, 1, 0, 1 );
		glVertex3dv( (pointer argument - -0.0703125, -0.695312, 0.167969) );
		glColor4f( 0, 0.0742188, 0.925781, 1 );
		glVertex3dv( (pointer argument - -0.570312, 0.804688, 0.417969) );
		glColor4f( 0.345588, 0.0691177, 0.967601, 1 );
		glVertex3dv( (pointer argument - -0.820312, 0.0546875, 0.0429688) );
		glColor4f( 0, 0.699219, 0.300781, 1 );
		glVertex3dv( (pointer argument - -0.320312, -0.445312, 0.292969) );
		glColor4f( 0.14951, 0.029902, 0.985983, 1 );
		glVertex3dv( (pointer argument - -0.695312, -0.0703125, -0.394531) );
		glColor4f( 0.0117188, 1, 0, 1 );
		glVertex3dv( (pointer argument - -0.195312, 0.429688, -0.144531) );
		glColor4f( 0, 0.386719, 0.613281, 1 );
		glVertex3dv( (pointer argument - -0.445312, 0.679688, -0.269531) );
		glColor4f( 0.541667, 0.108333, 0.949219, 1 );
		glVertex3dv( (pointer argument - -0.945312, -0.820312, -0.0195312) );
		glColor4f( 0.443627, 0.0887255, 0.95841, 1 );
		glVertex3dv( (pointer argument - -0.882812, 0.992188, 0.261719) );
		glColor4f( 0, 0.542969, 0.457031, 1 );
		glVertex3dv( (pointer argument - -0.382812, -0.507812, 0.0117188) );
		glColor4f( 0.167969, 1, 0, 1 );
		glVertex3dv( (pointer argument - -0.132812, -0.257812, 0.386719) );
		glColor4f( 0.0514706, 0.0102941, 0.995175, 1 );
		glVertex3dv( (pointer argument - -0.632812, 0.242188, 0.136719) );
		glColor4f( 0, 0.855469, 0.144531, 1 );
		glVertex3dv( (pointer argument - -0.257812, 0.367188, -0.0507812) );
		glColor4f( 0.247549, 0.0495098, 0.976792, 1 );
		glVertex3dv( (pointer argument - -0.757812, -0.132812, -0.300781) );
		glColor4f( 0, 0.230469, 0.769531, 1 );
		glVertex3dv( (pointer argument - -0.507812, -0.882812, -0.175781) );
		glColor4f( 0.480469, 1, 0, 1 );
		glVertex3dv( (pointer argument - -0.0078125, 0.617188, -0.425781) );
		glColor4f( 0.490234, 1, 0, 1 );
		glVertex3dv( (pointer argument - -0.00390625, 0.308594, -0.216797) );
		glColor4f( 0, 0.240234, 0.759766, 1 );
		glVertex3dv( (pointer argument - -0.503906, -0.191406, -0.466797) );
		glColor4f( 0.241422, 0.0482843, 0.977367, 1 );
		glVertex3dv( (pointer argument - -0.753906, -0.941406, -0.0917969) );
		glColor4f( 0, 0.865234, 0.134766, 1 );
		glVertex3dv( (pointer argument - -0.253906, 0.558594, -0.341797) );
		glColor4f( 0.0453432, 0.00906863, 0.995749, 1 );
		glVertex3dv( (pointer argument - -0.628906, 0.933594, 0.470703) );
		glColor4f( 0.177734, 1, 0, 1 );
		glVertex3dv( (pointer argument - -0.128906, -0.566406, 0.220703) );
		glColor4f( 0, 0.552734, 0.447266, 1 );
		glVertex3dv( (pointer argument - -0.378906, -0.316406, 0.345703) );
		glColor4f( 0.4375, 0.0875, 0.958984, 1 );
		glVertex3dv( (pointer argument - -0.878906, 0.183594, 0.0957031) );
		glColor4f( 0.535539, 0.107108, 0.949793, 1 );
		glVertex3dv( (pointer argument - -0.941406, -0.00390625, -0.373047) );
		glColor4f( 0, 0.396484, 0.603516, 1 );
		glVertex3dv( (pointer argument - -0.441406, 0.496094, -0.123047) );
		glColor4f( 0.0214844, 1, 0, 1 );
		glVertex3dv( (pointer argument - -0.191406, 0.746094, -0.498047) );
		glColor4f( 0.143382, 0.0286765, 0.986558, 1 );
		glVertex3dv( (pointer argument - -0.691406, -0.753906, -0.248047) );
		glColor4f( 0, 0.708984, 0.291016, 1 );
		glVertex3dv( (pointer argument - -0.316406, -0.628906, 0.0644531) );
		glColor4f( 0.339461, 0.0678922, 0.968176, 1 );
		glVertex3dv( (pointer argument - -0.816406, 0.871094, 0.314453) );
		glColor4f( 0, 0.0839844, 0.916016, 1 );
		glVertex3dv( (pointer argument - -0.566406, 0.121094, 0.189453) );
		glColor4f( 0.333984, 1, 0, 1 );
		glVertex3dv( (pointer argument - -0.0664062, -0.378906, 0.439453) );
		glColor4f( 0, 0.162109, 0.837891, 1 );
		glVertex3dv( (pointer argument - -0.535156, -0.535156, 0.361328) );
		glColor4f( 0.412109, 1, 0, 1 );
		glVertex3dv( (pointer argument - -0.0351562, 0.964844, 0.111328) );
		glColor4f( 0, 0.787109, 0.212891, 1 );
		glVertex3dv( (pointer argument - -0.285156, 0.214844, 0.486328) );
		glColor4f( 0.290441, 0.0580882, 0.972771, 1 );
		glVertex3dv( (pointer argument - -0.785156, -0.285156, 0.236328) );
		glColor4f( 0.0996094, 1, 0, 1 );
		glVertex3dv( (pointer argument - -0.160156, -0.160156, -0.0761719) );
		glColor4f( 0.0943627, 0.0188726, 0.991153, 1 );
		glVertex3dv( (pointer argument - -0.660156, 0.339844, -0.326172) );
		glColor4f( 0.48652, 0.0973039, 0.954389, 1 );
		glVertex3dv( (pointer argument - -0.910156, 0.589844, -0.201172) );
	glEnd( );
	glEnable( 2896 );
glEndList( );
glNormal3dv( (pointer argument - 0, 0, 3) );
glCallList( 0 );
glPixelStorei( 3333, 1 );
glColorMask( 1, 1, 1, 1 );
glReadPixels( 0, 0, 800, 400, 6407, 5121, ptr );
glReadPixels( 0, 0, 800, 400, 6402, 5126, ptr );
glClear( 16640 );
glPushMatrix( );
glMatrixMode( 5889 );
glLoadIdentity( );
gluOrtho2D( 0, 800, 0, 400 );
glMatrixMode( 5888 );
glLoadIdentity( );
glPixelStorei( 3317, 1 );
glRasterPos2i( 0, 0 );
glDrawPixels( 800, 400, 6402, 5126, ptr );
glRasterPos2i( 0, 0 );
glDisable( 2929 );
glDrawPixels( 800, 400, 6407, 5121, ptr );
glEnable( 2929 );
glPopMatrix( );
glMatrixMode( 5889 );
glLoadIdentity( );
gluPerspective( 45, 2, 0.1, 40 );
glMatrixMode( 5888 );
glLoadIdentity( );
gluLookAt( 0, 0, 3, 0, 0, 0, 0, 1, 0 );
glPixelStorei( 3333, 1 );
glReadPixels( 0, 0, 800, 400, 6407, 5121, ptr );
glDeleteLists( 0, 1 );
