cell[0]
 		Values: (N: 2, S: -2, E: 1, W: -2, U: 4, D: -2) 
 		Coords: (-0.500000, -0.500000,-0.500000) 
cell[1]
 		Values: (N: 3, S: -2, E: -2, W: 0, U: 5, D: -2) 
 		Coords: (0.500000, -0.500000,-0.500000) 
cell[2]
 		Values: (N: -2, S: 0, E: 3, W: -2, U: 6, D: -2) 
 		Coords: (-0.500000, 0.500000,-0.500000) 
cell[3]
 		Values: (N: -2, S: 1, E: -2, W: 2, U: 7, D: -2) 
 		Coords: (0.500000, 0.500000,-0.500000) 
cell[4]
 		Values: (N: 6, S: -2, E: 5, W: -2, U: -2, D: 0) 
 		Coords: (-0.500000, -0.500000,0.500000) 
cell[5]
 		Values: (N: 7, S: -2, E: -2, W: 4, U: -2, D: 1) 
 		Coords: (0.500000, -0.500000,0.500000) 
cell[6]
 		Values: (N: -2, S: 4, E: 7, W: -2, U: -2, D: 2) 
 		Coords: (-0.500000, 0.500000,0.500000) 
cell[7]
 		Values: (N: -2, S: 5, E: -2, W: 6, U: -2, D: 3) 
 		Coords: (0.500000, 0.500000,0.500000) 
