data->pList[0]:
		 coords: (x, y, z) = (0.333333, 0.333333, 0.333333)
		 centroids: (cx, cy, cz) = (-0.500000, -0.500000, -0.500000)
		 weight = 1.000000
data->pList[1]:
		 coords: (x, y, z) = (0.333333, 0.333333, 0.666667)
		 centroids: (cx, cy, cz) = (-0.500000, -0.500000, 0.500000)
		 weight = 1.000000
data->pList[2]:
		 coords: (x, y, z) = (0.333333, 0.666667, 0.333333)
		 centroids: (cx, cy, cz) = (-0.500000, 0.500000, -0.500000)
		 weight = 1.000000
data->pList[3]:
		 coords: (x, y, z) = (0.333333, 0.666667, 0.666667)
		 centroids: (cx, cy, cz) = (-0.500000, 0.500000, 0.500000)
		 weight = 1.000000
data->pList[4]:
		 coords: (x, y, z) = (0.666667, 0.333333, 0.333333)
		 centroids: (cx, cy, cz) = (0.500000, -0.500000, -0.500000)
		 weight = 1.000000
data->pList[5]:
		 coords: (x, y, z) = (0.666667, 0.333333, 0.666667)
		 centroids: (cx, cy, cz) = (0.500000, -0.500000, 0.500000)
		 weight = 1.000000
data->pList[6]:
		 coords: (x, y, z) = (0.666667, 0.666667, 0.333333)
		 centroids: (cx, cy, cz) = (0.500000, 0.500000, -0.500000)
		 weight = 1.000000
data->pList[7]:
		 coords: (x, y, z) = (0.666667, 0.666667, 0.666667)
		 centroids: (cx, cy, cz) = (0.500000, 0.500000, 0.500000)
		 weight = 1.000000
