Mean is within tolerance, 0.000001 of 0.155483
Standard Deviation is within tolerance, 0.000001 of 0.116796
