Mean is within tolerance, 0.000001 of 0.092640
Standard Deviation is within tolerance, 0.000001 of 0.063171
