Mean is within tolerance, 0.001000 of 0.007747
Standard Deviation is within tolerance, 0.001000 of 0.001464
