Mean is within tolerance, 0.000001 of 0.017475
Standard Deviation is within tolerance, 0.000001 of 0.013738
