Mean is within tolerance, 0.000001 of 0.101720
Standard Deviation is within tolerance, 0.000001 of 0.070065
