Mean is within tolerance, 0.000001 of 0.016697
Standard Deviation is within tolerance, 0.000001 of 0.013041
