StGermain Framework revision 4125. Copyright (C) 2003-2005 VPAC.
Watching rank: 0
Cartesian generator: ''
	Target mesh: ''
	Global element size: 2x3x2
	Local offset of rank 0: 0x0x0
	Local range of rank 0: 2x3x2
	Generating vertices...
		... done.
	Generating elements...
		... done.
	Generating element-vertex incidence...
		... done.
	Generating vertex neighbours...
		... done.
	Generating geometry...
		... done.
	Generating element types...
		... element types are 'Mesh_HexType',
		... mesh algorithm type is 'Mesh_RegularAlgorithms',
		... done.
GaussParticleLayout (ptr): 0x807dc28:
PerCellParticleLayout (ptr): 0x807dc28
ParticleLayout (ptr): 0x807dc28
Stg_Class (ptr): 0x807dc28
	sizeOfSelf: 144
	_deleteSelf: Yes
	type: GaussParticleLayout
	_delete (func ptr): 0x4002d59d
	_print (func ptr): 0x4002d5c6
	_copy (func ptr): 0x4002d6f3
	_setInitialCounts (func ptr): 0x40035bdd
	_initialiseParticles (func ptr): 0x40035d92
	coordSystem: LocalCoordSystem
	weightsInitialisedAtStartup : True
	_initialCount (func ptr): 0x4002d962
	_initialiseParticlesOfCell (func ptr): 0x4002d9b1
	self->dim = 3
	self->particlesPerDim = { 2, 2, 2 }
count = 8 
pId=0 : coords = { 31.698730, 8.845299, 31.698730 }, xi = { -0.577350, -0.577350, -0.577350 }
pId=1 : coords = { 118.301270, 8.845299, 31.698730 }, xi = { 0.577350, -0.577350, -0.577350 }
pId=2 : coords = { 31.698730, 11.154701, 31.698730 }, xi = { -0.577350, 0.577350, -0.577350 }
pId=3 : coords = { 118.301270, 11.154701, 31.698730 }, xi = { 0.577350, 0.577350, -0.577350 }
pId=4 : coords = { 31.698730, 8.845299, 118.301270 }, xi = { -0.577350, -0.577350, 0.577350 }
pId=5 : coords = { 118.301270, 8.845299, 118.301270 }, xi = { 0.577350, -0.577350, 0.577350 }
pId=6 : coords = { 31.698730, 11.154701, 118.301270 }, xi = { -0.577350, 0.577350, 0.577350 }
pId=7 : coords = { 118.301270, 11.154701, 118.301270 }, xi = { 0.577350, 0.577350, 0.577350 }
