Timestep 0: Total integrated value of 'PressureField-ErrorMagnitudeField' is outside a tolerance 6.2e-05.
Timestep 1: Total integrated value of 'PressureField-ErrorMagnitudeField' is within a tolerance 6.2e-05.
