Timestep 0: Total integrated value of 'VelocityField-ErrorMagnitudeField' is outside a tolerance 7.9e-06.
Timestep 1: Total integrated value of 'VelocityField-ErrorMagnitudeField' is within a tolerance 7.9e-06.
