Timestep 0: Total integrated value of 'PressureField-ErrorMagnitudeField' is outside a tolerance 2.5e-05.
Timestep 1: Total integrated value of 'PressureField-ErrorMagnitudeField' is within a tolerance 2.5e-05.
