StGermain Framework. Copyright (C) 2003-2005 VPAC.
StGermain Domain Library. Copyright (C) 2003-2007 VPAC.
Watching rank: 0
